Archive member included because of file (symbol)

y:/programe/atmel toolchain/avr32 gcc/native/3.4.1057/avr32-gnu-toolchain/bin/../lib/gcc/avr32/4.4.7/ucr1\libstdc++.a(del_op.o)
                              Antrieb/Motor.o (operator delete(void*))
y:/programe/atmel toolchain/avr32 gcc/native/3.4.1057/avr32-gnu-toolchain/bin/../lib/gcc/avr32/4.4.7/ucr1\libstdc++.a(new_op.o)
                              main.o (operator new(unsigned long))
y:/programe/atmel toolchain/avr32 gcc/native/3.4.1057/avr32-gnu-toolchain/bin/../lib/gcc/avr32/4.4.7/ucr1\libstdc++.a(new_handler.o)
                              y:/programe/atmel toolchain/avr32 gcc/native/3.4.1057/avr32-gnu-toolchain/bin/../lib/gcc/avr32/4.4.7/ucr1\libstdc++.a(new_op.o) (std::bad_alloc::~bad_alloc())
y:/programe/atmel toolchain/avr32 gcc/native/3.4.1057/avr32-gnu-toolchain/bin/../lib/gcc/avr32/4.4.7/ucr1\libstdc++.a(eh_alloc.o)
                              y:/programe/atmel toolchain/avr32 gcc/native/3.4.1057/avr32-gnu-toolchain/bin/../lib/gcc/avr32/4.4.7/ucr1\libstdc++.a(new_op.o) (__cxa_allocate_exception)
y:/programe/atmel toolchain/avr32 gcc/native/3.4.1057/avr32-gnu-toolchain/bin/../lib/gcc/avr32/4.4.7/ucr1\libstdc++.a(si_class_type_info.o)
                              y:/programe/atmel toolchain/avr32 gcc/native/3.4.1057/avr32-gnu-toolchain/bin/../lib/gcc/avr32/4.4.7/ucr1\libstdc++.a(new_handler.o) (vtable for __cxxabiv1::__si_class_type_info)
y:/programe/atmel toolchain/avr32 gcc/native/3.4.1057/avr32-gnu-toolchain/bin/../lib/gcc/avr32/4.4.7/ucr1\libstdc++.a(eh_throw.o)
                              y:/programe/atmel toolchain/avr32 gcc/native/3.4.1057/avr32-gnu-toolchain/bin/../lib/gcc/avr32/4.4.7/ucr1\libstdc++.a(new_op.o) (__cxa_throw)
y:/programe/atmel toolchain/avr32 gcc/native/3.4.1057/avr32-gnu-toolchain/bin/../lib/gcc/avr32/4.4.7/ucr1\libstdc++.a(eh_personality.o)
                              DebugMode/DebugMode.o (__gxx_personality_sj0)
y:/programe/atmel toolchain/avr32 gcc/native/3.4.1057/avr32-gnu-toolchain/bin/../lib/gcc/avr32/4.4.7/ucr1\libstdc++.a(eh_unex_handler.o)
                              y:/programe/atmel toolchain/avr32 gcc/native/3.4.1057/avr32-gnu-toolchain/bin/../lib/gcc/avr32/4.4.7/ucr1\libstdc++.a(eh_throw.o) (__cxxabiv1::__unexpected_handler)
y:/programe/atmel toolchain/avr32 gcc/native/3.4.1057/avr32-gnu-toolchain/bin/../lib/gcc/avr32/4.4.7/ucr1\libstdc++.a(eh_exception.o)
                              y:/programe/atmel toolchain/avr32 gcc/native/3.4.1057/avr32-gnu-toolchain/bin/../lib/gcc/avr32/4.4.7/ucr1\libstdc++.a(new_handler.o) (std::exception::~exception())
y:/programe/atmel toolchain/avr32 gcc/native/3.4.1057/avr32-gnu-toolchain/bin/../lib/gcc/avr32/4.4.7/ucr1\libstdc++.a(eh_globals.o)
                              y:/programe/atmel toolchain/avr32 gcc/native/3.4.1057/avr32-gnu-toolchain/bin/../lib/gcc/avr32/4.4.7/ucr1\libstdc++.a(eh_personality.o) (__cxa_get_globals_fast)
y:/programe/atmel toolchain/avr32 gcc/native/3.4.1057/avr32-gnu-toolchain/bin/../lib/gcc/avr32/4.4.7/ucr1\libstdc++.a(eh_terminate.o)
                              y:/programe/atmel toolchain/avr32 gcc/native/3.4.1057/avr32-gnu-toolchain/bin/../lib/gcc/avr32/4.4.7/ucr1\libstdc++.a(eh_throw.o) (__cxxabiv1::__terminate(void (*)()))
y:/programe/atmel toolchain/avr32 gcc/native/3.4.1057/avr32-gnu-toolchain/bin/../lib/gcc/avr32/4.4.7/ucr1\libstdc++.a(eh_call.o)
                              y:/programe/atmel toolchain/avr32 gcc/native/3.4.1057/avr32-gnu-toolchain/bin/../lib/gcc/avr32/4.4.7/ucr1\libstdc++.a(eh_personality.o) (__cxa_call_terminate)
y:/programe/atmel toolchain/avr32 gcc/native/3.4.1057/avr32-gnu-toolchain/bin/../lib/gcc/avr32/4.4.7/ucr1\libstdc++.a(pure.o)
                              y:/programe/atmel toolchain/avr32 gcc/native/3.4.1057/avr32-gnu-toolchain/bin/../lib/gcc/avr32/4.4.7/ucr1\libstdc++.a(eh_exception.o) (__cxa_pure_virtual)
y:/programe/atmel toolchain/avr32 gcc/native/3.4.1057/avr32-gnu-toolchain/bin/../lib/gcc/avr32/4.4.7/ucr1\libstdc++.a(eh_term_handler.o)
                              y:/programe/atmel toolchain/avr32 gcc/native/3.4.1057/avr32-gnu-toolchain/bin/../lib/gcc/avr32/4.4.7/ucr1\libstdc++.a(eh_throw.o) (__cxxabiv1::__terminate_handler)
y:/programe/atmel toolchain/avr32 gcc/native/3.4.1057/avr32-gnu-toolchain/bin/../lib/gcc/avr32/4.4.7/ucr1\libstdc++.a(eh_catch.o)
                              y:/programe/atmel toolchain/avr32 gcc/native/3.4.1057/avr32-gnu-toolchain/bin/../lib/gcc/avr32/4.4.7/ucr1\libstdc++.a(eh_personality.o) (__cxa_end_catch)
y:/programe/atmel toolchain/avr32 gcc/native/3.4.1057/avr32-gnu-toolchain/bin/../lib/gcc/avr32/4.4.7/ucr1\libstdc++.a(tinfo.o)
                              y:/programe/atmel toolchain/avr32 gcc/native/3.4.1057/avr32-gnu-toolchain/bin/../lib/gcc/avr32/4.4.7/ucr1\libstdc++.a(si_class_type_info.o) (std::type_info::__is_pointer_p() const)
[...]
Memory Configuration

Name             Origin             Length             Attributes
FLASH            0x80000000         0x00040000         axrl !w
CPUSRAM          0x00000004         0x00007ffc         axw !rl
USERPAGE         0x80800000         0x00000200
FACTORYPAGE      0x80800200         0x00000200
*default*        0x00000000         0xffffffff

Linker script and memory map

                0x00001000                _stack_size = 0x1000
LOAD DebugMode/DebugMode.o
LOAD Segway/Segway.o
LOAD Sensor/ADC.o
LOAD Antrieb/Motor.o
LOAD assembler/exception.o
LOAD Configuration/Configuration.o
LOAD main.o
LOAD assembler/startup_uc3.o
LOAD assembler/trampoline_uc3.o
LOAD Antrieb/PWM.o
LOAD Sensor/ADCSensor.o
LOAD Sensor/GPIOSensor.o
LOAD Timer/Timer.o
LOAD UART/UART.o
START GROUP
END GROUP
LOAD y:/programe/atmel toolchain/avr32 gcc/native/3.4.1057/avr32-gnu-toolchain/bin/../lib/gcc/avr32/4.4.7/ucr1\libstdc++.a
LOAD y:/programe/atmel toolchain/avr32 gcc/native/3.4.1057/avr32-gnu-toolchain/bin/../lib/gcc/avr32/4.4.7/../../../../avr32/lib/ucr1\libm.a
LOAD y:/programe/atmel toolchain/avr32 gcc/native/3.4.1057/avr32-gnu-toolchain/bin/../lib/gcc/avr32/4.4.7/ucr1\libgcc.a
LOAD y:/programe/atmel toolchain/avr32 gcc/native/3.4.1057/avr32-gnu-toolchain/bin/../lib/gcc/avr32/4.4.7/../../../../avr32/lib/ucr1\libc.a
LOAD y:/programe/atmel toolchain/avr32 gcc/native/3.4.1057/avr32-gnu-toolchain/bin/../lib/gcc/avr32/4.4.7/ucr1\libgcc.a
                0x80000000                PROVIDE (__executable_start, 0x80000000)
                0x80000000                . = 0x80000000

.interp
 *(.interp)

.reset          0x80000000     0x2004
 *(.reset)
 .reset         0x80000000     0x2004 assembler/trampoline_uc3.o
                               0x2008 (size before relaxing)
                0x80000000                _trampoline

.hash
 *(.hash)

.dynsym
 *(.dynsym)

.dynstr
 *(.dynstr)

.gnu.version
 *(.gnu.version)

.gnu.version_d
 *(.gnu.version_d)

.gnu.version_r
 *(.gnu.version_r)

.rel.init
 *(.rel.init)

.rela.init
 *(.rela.init)

.rel.text
 *(.rel.text .rel.text.* .rel.gnu.linkonce.t.*)

.rela.text
 *(.rela.text .rela.text.* .rela.gnu.linkonce.t.*)

.rel.fini
 *(.rel.fini)

.rela.fini
 *(.rela.fini)

.rel.rodata
 *(.rel.rodata .rel.rodata.* .rel.gnu.linkonce.r.*)

.rela.rodata
 *(.rela.rodata .rela.rodata.* .rela.gnu.linkonce.r.*)

.rel.data.rel.ro
 *(.rel.data.rel.ro*)

.rela.data.rel.ro
 *(.rel.data.rel.ro*)

.rel.data
 *(.rel.data .rel.data.* .rel.gnu.linkonce.d.*)

.rela.data
 *(.rela.data .rela.data.* .rela.gnu.linkonce.d.*)

.rel.tdata
 *(.rel.tdata .rel.tdata.* .rel.gnu.linkonce.td.*)

.rela.tdata
 *(.rela.tdata .rela.tdata.* .rela.gnu.linkonce.td.*)

.rel.tbss
 *(.rel.tbss .rel.tbss.* .rel.gnu.linkonce.tb.*)

.rela.tbss
 *(.rela.tbss .rela.tbss.* .rela.gnu.linkonce.tb.*)

.rel.ctors
 *(.rel.ctors)

.rela.ctors
 *(.rela.ctors)

.rel.dtors
 *(.rel.dtors)

.rela.dtors
 *(.rela.dtors)

.rel.got
 *(.rel.got)

.rela.got       0x80002004        0x0
 *(.rela.got)
 .rela.got      0x80002004        0x0 y:/programe/atmel toolchain/avr32 gcc/native/3.4.1057/avr32-gnu-toolchain/bin/../lib/gcc/avr32/4.4.7/ucr1\libstdc++.a(new_op.o)

.rel.bss
 *(.rel.bss .rel.bss.* .rel.gnu.linkonce.b.*)

.rela.bss
 *(.rela.bss .rela.bss.* .rela.gnu.linkonce.b.*)

.rel.plt
 *(.rel.plt)

.rela.plt
 *(.rela.plt)

.init
 *(.init)

.plt
 *(.plt)

.text           0x80002004     0xc4fa
 *(.text .stub .text.* .gnu.linkonce.t.*)
 .text          0x80002004       0x30 Segway/Segway.o
                0x8000200c                Segway::MYAVR32_GPIO_SIZE_PORT
                0x80002010                Segway::MYAVR32_GPIO_OFFSET_GPER
                0x80002014                Segway::MYAVR32_GPIO_OFFSET_ODER
                0x80002018                Segway::MYAVR32_GPIO_OFFSET_OVR
                0x8000201c                Segway::TIMER_DELTA_T_SECONDS
                0x80002020                Segway::ALGCFG_COMPL_FILTER_ACCELANGLE_FACTOR
                0x80002024                Segway::MULTIPLEXSENSOR_BATTERYVOLTAGE_FACTOR_MV
                0x80002028                Segway::PWM_TO_DRIVESUM_FACTOR
                0x8000202c                Segway::SPEEDLIMIT_START_DRIVESUM
                0x80002030                Segway::SPEEDLIMIT_END_DRIVESUM
 .text._ZN6Segway16limitSteeringPWMEll
                0x80002034       0xe4 Segway/Segway.o
                                 0xfc (size before relaxing)
                0x80002034                Segway::limitSteeringPWM(long, long)
 .text._ZN6Segway14limitSpeedSoftEl
                0x80002118      0x128 Segway/Segway.o
                                0x140 (size before relaxing)
                0x80002118                Segway::limitSpeedSoft(long)
 .text._ZN6Segway12displayErrorEh
                0x80002240       0xd0 Segway/Segway.o
                                 0xd4 (size before relaxing)
                0x80002240                Segway::displayError(unsigned char)
 .text._ZN6Segway25waitForFootSwitchReleasedEv
                0x80002310       0xac Segway/Segway.o
                                 0xb0 (size before relaxing)
                0x80002310                Segway::waitForFootSwitchReleased()
 .text._ZN6Segway14doBatteryCheckEv
                0x800023bc       0x34 Segway/Segway.o
                                 0x4c (size before relaxing)
                0x800023bc                Segway::doBatteryCheck()
 .text._ZN6Segway27setCurrentOrientationAsZeroEv
                0x800023f0       0x3c Segway/Segway.o
                                 0x4c (size before relaxing)
                0x800023f0                Segway::setCurrentOrientationAsZero()
 .text._ZN6Segway32setCurrentSteeringPositionAsZeroEv
                0x8000242c       0x3c Segway/Segway.o
                                 0x4c (size before relaxing)
                0x8000242c                Segway::setCurrentSteeringPositionAsZero()
 .text._ZN6Segway11initHelpersEv
                0x80002468      0x258 Segway/Segway.o
                                0x2b8 (size before relaxing)
                0x80002468                Segway::initHelpers()
 .text._ZN6Segway4mainEv
                0x800026c0      0x128 Segway/Segway.o
                                0x154 (size before relaxing)
                0x800026c0                Segway::main()
 .text._ZN6Segway13setMotorSpeedEP5Motorl
                0x800027e8       0x30 Segway/Segway.o
                                 0x38 (size before relaxing)
                0x800027e8                Segway::setMotorSpeed(Motor*, long)
 .text._ZN6Segway13timerFunctionEv
                0x80002818      0x384 Segway/Segway.o
                                0x3dc (size before relaxing)
                0x80002818                Segway::timerFunction()
 .text._ZN6SegwayC1Ev
                0x80002b9c      0x1d0 Segway/Segway.o
                                0x224 (size before relaxing)
                0x80002b9c                Segway::Segway()
 .text          0x80002d6c       0x20 Sensor/ADC.o
 .text._ZN3ADCC1Ev
                0x80002d8c       0xc2 Sensor/ADC.o
                0x80002d8c                ADC::ADC()
 .text._ZN3ADCD1Ev
                0x80002e4e        0xe Sensor/ADC.o
                0x80002e4e                ADC::~ADC()
 .text._ZN3ADC4initEv
                0x80002e5c       0x44 Sensor/ADC.o
                0x80002e5c                ADC::init()
 .text._ZN3ADC19enableInPinSelectorEmb
                0x80002ea0       0x84 Sensor/ADC.o
                                 0x88 (size before relaxing)
                0x80002ea0                ADC::enableInPinSelector(unsigned long, bool)
 .text._ZN3ADC15getChannelValueEm
                0x80002f24       0x56 Sensor/ADC.o
                0x80002f24                ADC::getChannelValue(unsigned long)
 *fill*         0x80002f7a        0x2 d703d703
 .text._ZN5Motor13initEnablePinEv
                0x80002f7c       0x30 Antrieb/Motor.o
                                 0x34 (size before relaxing)
                0x80002f7c                Motor::initEnablePin()
 .text._ZN5Motor4initEPN13Configuration13s_MotorConfigE
                0x80002fac       0xa0 Antrieb/Motor.o
                                 0xa4 (size before relaxing)
                0x80002fac                Motor::init(Configuration::s_MotorConfig*)
 .text._ZN5Motor12setDirectionEb
                0x8000304c       0x1c Antrieb/Motor.o
                                 0x20 (size before relaxing)
                0x8000304c                Motor::setDirection(bool)
 .text._ZN5Motor10setEnabledEb
                0x80003068       0x20 Antrieb/Motor.o
                                 0x24 (size before relaxing)
                0x80003068                Motor::setEnabled(bool)
 .text._ZN5Motor7cleanUpEv
                0x80003088       0x28 Antrieb/Motor.o
                                 0x2c (size before relaxing)
                0x80003088                Motor::cleanUp()
 .text._ZN5Motor8setSpeedEh
                0x800030b0        0xc Antrieb/Motor.o
                                 0x10 (size before relaxing)
                0x800030b0                Motor::setSpeed(unsigned char)
 .text._ZN5MotorD1Ev
                0x800030bc       0x10 Antrieb/Motor.o
                                 0x1c (size before relaxing)
                0x800030bc                Motor::~Motor()
 .text._ZN5MotorC1Ev
                0x800030cc        0xc Antrieb/Motor.o
                                 0x10 (size before relaxing)
                0x800030cc                Motor::Motor()
 .text._ZN13Configuration12init_SensorsEv
                0x800030d8       0xf0 Configuration/Configuration.o
                                 0xf4 (size before relaxing)
                0x800030d8                Configuration::init_Sensors()
 .text._ZN13Configuration9init_UARTEv
                0x800031c8       0x88 Configuration/Configuration.o
                                 0x8c (size before relaxing)
                0x800031c8                Configuration::init_UART()
 .text._ZN13Configuration4initEv
                0x80003250       0xac Configuration/Configuration.o
                                 0xb8 (size before relaxing)
                0x80003250                Configuration::init()
 .text._Z17init_system_clockv
                0x800032fc       0x3c main.o
                                 0x40 (size before relaxing)
                0x800032fc                init_system_clock()
 .text._ZN6SegwayD1Ev
                0x80003338      0x1ac main.o
                                0x204 (size before relaxing)
                0x80003338                Segway::~Segway()
 .text._Z21init_interrupt_systemv
                0x800034e4       0x48 main.o
                0x800034e4                init_interrupt_system()
 .text.main     0x8000352c       0x90 main.o
                                 0xc8 (size before relaxing)
                0x8000352c                main
 .text._get_interrupt_handler
                0x800035bc       0x18 main.o
                                 0x24 (size before relaxing)
                0x800035bc                _get_interrupt_handler
 .text._stext   0x800035d4       0x38 assembler/startup_uc3.o
                                 0x48 (size before relaxing)
                0x800035d4                _stext
 .text._ZN3PWMC1Ev
                0x8000360c        0x2 Antrieb/PWM.o
                0x8000360c                PWM::PWM()
 .text._ZN3PWMD1Ev
                0x8000360e        0x2 Antrieb/PWM.o
                0x8000360e                PWM::~PWM()
 .text._ZN3PWM18setChannelPWMRatioEhb
                0x80003610       0x24 Antrieb/PWM.o
                                 0x28 (size before relaxing)
                0x80003610                PWM::setChannelPWMRatio(unsigned char, bool)
 .text._ZN9ADCSensorC1Ev
                0x80003634        0x2 Sensor/ADCSensor.o
                0x80003634                ADCSensor::ADCSensor()
 .text._ZN9ADCSensor13setZeroOffsetEbl
                0x80003636        0xa Sensor/ADCSensor.o
                0x80003636                ADCSensor::setZeroOffset(bool, long)
 .text._ZN9ADCSensor21getZeroOffsetIsActiveEv
                0x80003640        0x8 Sensor/ADCSensor.o
                0x80003640                ADCSensor::getZeroOffsetIsActive()
 .text._ZN9ADCSensor13getZeroOffsetEv
                0x80003648        0x6 Sensor/ADCSensor.o
                0x80003648                ADCSensor::getZeroOffset()
 *fill*         0x8000364e        0x2 d703d703
 .text._ZN9ADCSensor7cleanUpEv
                0x80003650       0x18 Sensor/ADCSensor.o
                                 0x20 (size before relaxing)
                0x80003650                ADCSensor::cleanUp()
 .text._ZN9ADCSensorD1Ev
                0x80003668        0x8 Sensor/ADCSensor.o
                                  0xc (size before relaxing)
                0x80003668                ADCSensor::~ADCSensor()
 .text._ZN9ADCSensor15getIntegerValueEbm
                0x80003670       0x4c Sensor/ADCSensor.o
                                 0x50 (size before relaxing)
                0x80003670                ADCSensor::getIntegerValue(bool, unsigned long)
 .text._ZN9ADCSensor4initEPN13Configuration17s_ADCSensorConfigEP3ADC
                0x800036bc       0x14 Sensor/ADCSensor.o
                                 0x18 (size before relaxing)
                0x800036bc                ADCSensor::init(Configuration::s_ADCSensorConfig*, ADC*)
 .text._ZN10GPIOSensorC1Ev
                0x800036d0        0x2 Sensor/GPIOSensor.o
                0x800036d0                GPIOSensor::GPIOSensor()
 *fill*         0x800036d2        0x2 d703d703
 .text._ZN10GPIOSensorD1Ev
                0x800036d4       0x20 Sensor/GPIOSensor.o
                0x800036d4                GPIOSensor::~GPIOSensor()
 .text._ZN10GPIOSensor4initEPN13Configuration18s_GPIOSensorConfigE
                0x800036f4       0x48 Sensor/GPIOSensor.o
                                 0x4c (size before relaxing)
                0x800036f4                GPIOSensor::init(Configuration::s_GPIOSensorConfig*)
 .text._ZN10GPIOSensor8getValueEv
                0x8000373c       0x24 Sensor/GPIOSensor.o
                0x8000373c                GPIOSensor::getValue()
 .text._ZN5TimerC1Ev
                0x80003760        0x2 Timer/Timer.o
                0x80003760                Timer::Timer()
 *fill*         0x80003762        0x2 d703d703
 .text._ZN5TimerD1Ev
                0x80003764       0x28 Timer/Timer.o
                                 0x2c (size before relaxing)
                0x80003764                Timer::~Timer()
 .text._ZN5Timer17setIsTimerEnabledEb
                0x8000378c       0x30 Timer/Timer.o
                                 0x34 (size before relaxing)
                0x8000378c                Timer::setIsTimerEnabled(bool)
 .text._ZN5Timer18resetInterruptFlagEv
                0x800037bc       0x18 Timer/Timer.o
                                 0x1c (size before relaxing)
                0x800037bc                Timer::resetInterruptFlag()
 .text._ZN5Timer12prepareTimerEm
                0x800037d4       0x74 Timer/Timer.o
                                 0x78 (size before relaxing)
                0x800037d4                Timer::prepareTimer(unsigned long)
 .text._ZN5Timer9initTimerEm
                0x80003848       0x38 Timer/Timer.o
                                 0x44 (size before relaxing)
                0x80003848                Timer::initTimer(unsigned long)
 .text._ZN4UARTC1Ev
                0x80003880        0x6 UART/UART.o
                0x80003880                UART::UART()
 *fill*         0x80003886        0x2 d703d703
 .text._ZN4UART19enableInPinSelectorEb
                0x80003888      0x1bc UART/UART.o
                                0x1c0 (size before relaxing)
                0x80003888                UART::enableInPinSelector(bool)
 .text._ZN4UART10sendStringEPKc
                0x80003a44       0x36 UART/UART.o
                0x80003a44                UART::sendString(char const*)
 .text._ZN4UART10sendNumberEm
                0x80003a7a       0x84 UART/UART.o
                0x80003a7a                UART::sendNumber(unsigned long)
 *fill*         0x80003afe        0x2 d703d703
 .text._ZN4UART10sendNumberEl
                0x80003b00       0x38 UART/UART.o
                                 0x3c (size before relaxing)
                0x80003b00                UART::sendNumber(long)
 .text._ZN4UART7cleanUpEv
                0x80003b38       0x2c UART/UART.o
                0x80003b38                UART::cleanUp()
 .text._ZN4UART4initEPN13Configuration12s_UARTConfigE
                0x80003b64      0x128 UART/UART.o
                                0x130 (size before relaxing)
                0x80003b64                UART::init(Configuration::s_UARTConfig*)
 .text._ZN4UARTD1Ev
                0x80003c8c        0x8 UART/UART.o
                                  0xc (size before relaxing)
                0x80003c8c                UART::~UART()
 .text._ZdlPv   0x80003c94        0xc y:/programe/atmel toolchain/avr32 gcc/native/3.4.1057/avr32-gnu-toolchain/bin/../lib/gcc/avr32/4.4.7/ucr1\libstdc++.a(del_op.o)
                                 0x10 (size before relaxing)
                0x80003c94                operator delete(void*)
 .text._Znwm    0x80003ca0       0xa0 y:/programe/atmel toolchain/avr32 gcc/native/3.4.1057/avr32-gnu-toolchain/bin/../lib/gcc/avr32/4.4.7/ucr1\libstdc++.a(new_op.o)
                                 0xcc (size before relaxing)
                0x80003ca0                operator new(unsigned long)
 .text._ZNKSt9bad_alloc4whatEv
                0x80003d40        0x8 y:/programe/atmel toolchain/avr32 gcc/native/3.4.1057/avr32-gnu-toolchain/bin/../lib/gcc/avr32/4.4.7/ucr1\libstdc++.a(new_handler.o)
                0x80003d40                std::bad_alloc::what() const
 .text._ZNSt9bad_allocD1Ev
                0x80003d48       0x14 y:/programe/atmel toolchain/avr32 gcc/native/3.4.1057/avr32-gnu-toolchain/bin/../lib/gcc/avr32/4.4.7/ucr1\libstdc++.a(new_handler.o)
                                 0x18 (size before relaxing)
                0x80003d48                std::bad_alloc::~bad_alloc()
 .text._ZNSt9bad_allocD0Ev
                0x80003d5c       0x1c y:/programe/atmel toolchain/avr32 gcc/native/3.4.1057/avr32-gnu-toolchain/bin/../lib/gcc/avr32/4.4.7/ucr1\libstdc++.a(new_handler.o)
                                 0x28 (size before relaxing)
                0x80003d5c                std::bad_alloc::~bad_alloc()
 .text._GLOBAL__I___cxa_allocate_exception
                0x80003d78        0x2 y:/programe/atmel toolchain/avr32 gcc/native/3.4.1057/avr32-gnu-toolchain/bin/../lib/gcc/avr32/4.4.7/ucr1\libstdc++.a(eh_alloc.o)
 *fill*         0x80003d7a        0x2 d703d703
 .text.__cxa_free_exception
                0x80003d7c       0x38 y:/programe/atmel toolchain/avr32 gcc/native/3.4.1057/avr32-gnu-toolchain/bin/../lib/gcc/avr32/4.4.7/ucr1\libstdc++.a(eh_alloc.o)
                                 0x40 (size before relaxing)
                0x80003d7c                __cxa_free_exception
 .text.__cxa_allocate_exception
                0x80003db4       0xdc y:/programe/atmel toolchain/avr32 gcc/native/3.4.1057/avr32-gnu-toolchain/bin/../lib/gcc/avr32/4.4.7/ucr1\libstdc++.a(eh_alloc.o)
                                0x108 (size before relaxing)
                0x80003db4                __cxa_allocate_exception
 .text._ZNK10__cxxabiv120__si_class_type_info20__do_find_public_srcElPKvPKNS_17__class_type_infoES2_
                0x80003e90       0x24 y:/programe/atmel toolchain/avr32 gcc/native/3.4.1057/avr32-gnu-toolchain/bin/../lib/gcc/avr32/4.4.7/ucr1\libstdc++.a(si_class_type_info.o)
                0x80003e90                __cxxabiv1::__si_class_type_info::__do_find_public_src(long, void const*, __cxxabiv1::__class_type_info const*, void const*) const
 .text._ZNK10__cxxabiv120__si_class_type_info12__do_dyncastElNS_17__class_type_info10__sub_kindEPKS1_PKvS4_S6_RNS1_16__dyncast_resultE
                0x80003eb4       0x5e y:/programe/atmel toolchain/avr32 gcc/native/3.4.1057/avr32-gnu-toolchain/bin/../lib/gcc/avr32/4.4.7/ucr1\libstdc++.a(si_class_type_info.o)
                0x80003eb4                __cxxabiv1::__si_class_type_info::__do_dyncast(long, __cxxabiv1::__class_type_info::__sub_kind, __cxxabiv1::__class_type_info const*, void const*, __cxxabiv1::__class_type_info const*, void const*, __cxxabiv1::__class_type_info::__dyncast_result&) const
 *fill*         0x80003f12        0x2 d703d703
 .text._ZNK10__cxxabiv120__si_class_type_info11__do_upcastEPKNS_17__class_type_infoEPKvRNS1_15__upcast_resultE
                0x80003f14       0x24 y:/programe/atmel toolchain/avr32 gcc/native/3.4.1057/avr32-gnu-toolchain/bin/../lib/gcc/avr32/4.4.7/ucr1\libstdc++.a(si_class_type_info.o)
                                 0x28 (size before relaxing)
                0x80003f14                __cxxabiv1::__si_class_type_info::__do_upcast(__cxxabiv1::__class_type_info const*, void const*, __cxxabiv1::__class_type_info::__upcast_result&) const
 .text._ZN10__cxxabiv120__si_class_type_infoD1Ev
                0x80003f38       0x14 y:/programe/atmel toolchain/avr32 gcc/native/3.4.1057/avr32-gnu-toolchain/bin/../lib/gcc/avr32/4.4.7/ucr1\libstdc++.a(si_class_type_info.o)
                                 0x18 (size before relaxing)
                0x80003f38                __cxxabiv1::__si_class_type_info::~__si_class_type_info()
 .text._ZN10__cxxabiv120__si_class_type_infoD0Ev
                0x80003f4c       0x1c y:/programe/atmel toolchain/avr32 gcc/native/3.4.1057/avr32-gnu-toolchain/bin/../lib/gcc/avr32/4.4.7/ucr1\libstdc++.a(si_class_type_info.o)
                                 0x28 (size before relaxing)
                0x80003f4c                __cxxabiv1::__si_class_type_info::~__si_class_type_info()
 .text.__cxa_rethrow
                0x80003f68       0x58 y:/programe/atmel toolchain/avr32 gcc/native/3.4.1057/avr32-gnu-toolchain/bin/../lib/gcc/avr32/4.4.7/ucr1\libstdc++.a(eh_throw.o)
                                 0x68 (size before relaxing)
                0x80003f68                __cxa_rethrow
 .text.__cxa_throw
                0x80003fc0       0x4c y:/programe/atmel toolchain/avr32 gcc/native/3.4.1057/avr32-gnu-toolchain/bin/../lib/gcc/avr32/4.4.7/ucr1\libstdc++.a(eh_throw.o)
                                 0x60 (size before relaxing)
                0x80003fc0                __cxa_throw
 .text._ZL23__gxx_exception_cleanup19_Unwind_Reason_CodeP17_Unwind_Exception
                0x8000400c       0x40 y:/programe/atmel toolchain/avr32 gcc/native/3.4.1057/avr32-gnu-toolchain/bin/../lib/gcc/avr32/4.4.7/ucr1\libstdc++.a(eh_throw.o)
                                 0x4c (size before relaxing)
 .text._ZL16get_adjusted_ptrPKSt9type_infoS1_PPv
                0x8000404c       0x3e y:/programe/atmel toolchain/avr32 gcc/native/3.4.1057/avr32-gnu-toolchain/bin/../lib/gcc/avr32/4.4.7/ucr1\libstdc++.a(eh_personality.o)
 *fill*         0x8000408a        0x2 d703d703
 .text._ZL21base_of_encoded_valuehP15_Unwind_Context
                0x8000408c       0x54 y:/programe/atmel toolchain/avr32 gcc/native/3.4.1057/avr32-gnu-toolchain/bin/../lib/gcc/avr32/4.4.7/ucr1\libstdc++.a(eh_personality.o)
                                 0x64 (size before relaxing)
 .text._ZL28read_encoded_value_with_basehjPKhPj
                0x800040e0       0xf4 y:/programe/atmel toolchain/avr32 gcc/native/3.4.1057/avr32-gnu-toolchain/bin/../lib/gcc/avr32/4.4.7/ucr1\libstdc++.a(eh_personality.o)
                                 0xf8 (size before relaxing)
 .text._ZL17parse_lsda_headerP15_Unwind_ContextPKhP16lsda_header_info
                0x800041d4       0xa0 y:/programe/atmel toolchain/avr32 gcc/native/3.4.1057/avr32-gnu-toolchain/bin/../lib/gcc/avr32/4.4.7/ucr1\libstdc++.a(eh_personality.o)
                                 0xb0 (size before relaxing)
 .text._ZL15get_ttype_entryP16lsda_header_infom
                0x80004274       0x5c y:/programe/atmel toolchain/avr32 gcc/native/3.4.1057/avr32-gnu-toolchain/bin/../lib/gcc/avr32/4.4.7/ucr1\libstdc++.a(eh_personality.o)
                                 0x64 (size before relaxing)
 .text._ZL20check_exception_specP16lsda_header_infoPKSt9type_infoPvl
                0x800042d0       0x58 y:/programe/atmel toolchain/avr32 gcc/native/3.4.1057/avr32-gnu-toolchain/bin/../lib/gcc/avr32/4.4.7/ucr1\libstdc++.a(eh_personality.o)
                                 0x64 (size before relaxing)
 .text.__cxa_call_unexpected
                0x80004328      0x100 y:/programe/atmel toolchain/avr32 gcc/native/3.4.1057/avr32-gnu-toolchain/bin/../lib/gcc/avr32/4.4.7/ucr1\libstdc++.a(eh_personality.o)
                                0x140 (size before relaxing)
                0x80004328                __cxa_call_unexpected
 .text.__gxx_personality_sj0
                0x80004428      0x3a8 y:/programe/atmel toolchain/avr32 gcc/native/3.4.1057/avr32-gnu-toolchain/bin/../lib/gcc/avr32/4.4.7/ucr1\libstdc++.a(eh_personality.o)
                                0x408 (size before relaxing)
                0x80004428                __gxx_personality_sj0
 .text._ZNSt9exceptionD2Ev
                0x800047d0        0xc y:/programe/atmel toolchain/avr32 gcc/native/3.4.1057/avr32-gnu-toolchain/bin/../lib/gcc/avr32/4.4.7/ucr1\libstdc++.a(eh_exception.o)
                0x800047d0                std::exception::~exception()
 .text._ZNSt9exceptionD1Ev
                0x800047dc        0xc y:/programe/atmel toolchain/avr32 gcc/native/3.4.1057/avr32-gnu-toolchain/bin/../lib/gcc/avr32/4.4.7/ucr1\libstdc++.a(eh_exception.o)
                0x800047dc                std::exception::~exception()
 .text._ZNSt13bad_exceptionD1Ev
                0x800047e8        0xc y:/programe/atmel toolchain/avr32 gcc/native/3.4.1057/avr32-gnu-toolchain/bin/../lib/gcc/avr32/4.4.7/ucr1\libstdc++.a(eh_exception.o)
                0x800047e8                std::bad_exception::~bad_exception()
 .text._ZNKSt9exception4whatEv
                0x800047f4        0x8 y:/programe/atmel toolchain/avr32 gcc/native/3.4.1057/avr32-gnu-toolchain/bin/../lib/gcc/avr32/4.4.7/ucr1\libstdc++.a(eh_exception.o)
                0x800047f4                std::exception::what() const
 .text._ZNKSt13bad_exception4whatEv
                0x800047fc        0x8 y:/programe/atmel toolchain/avr32 gcc/native/3.4.1057/avr32-gnu-toolchain/bin/../lib/gcc/avr32/4.4.7/ucr1\libstdc++.a(eh_exception.o)
                0x800047fc                std::bad_exception::what() const
 .text._ZNSt9exceptionD0Ev
                0x80004804       0x14 y:/programe/atmel toolchain/avr32 gcc/native/3.4.1057/avr32-gnu-toolchain/bin/../lib/gcc/avr32/4.4.7/ucr1\libstdc++.a(eh_exception.o)
                                 0x18 (size before relaxing)
                0x80004804                std::exception::~exception()
 .text._ZNSt13bad_exceptionD0Ev
                0x80004818       0x14 y:/programe/atmel toolchain/avr32 gcc/native/3.4.1057/avr32-gnu-toolchain/bin/../lib/gcc/avr32/4.4.7/ucr1\libstdc++.a(eh_exception.o)
                                 0x18 (size before relaxing)
                0x80004818                std::bad_exception::~bad_exception()
 .text.__cxa_get_globals_fast
                0x8000482c        0x8 y:/programe/atmel toolchain/avr32 gcc/native/3.4.1057/avr32-gnu-toolchain/bin/../lib/gcc/avr32/4.4.7/ucr1\libstdc++.a(eh_globals.o)
                0x8000482c                __cxa_get_globals_fast
 .text.__cxa_get_globals
                0x80004834        0x8 y:/programe/atmel toolchain/avr32 gcc/native/3.4.1057/avr32-gnu-toolchain/bin/../lib/gcc/avr32/4.4.7/ucr1\libstdc++.a(eh_globals.o)
                0x80004834                __cxa_get_globals
 .text._ZN10__cxxabiv111__terminateEPFvvE
                0x8000483c       0x64 y:/programe/atmel toolchain/avr32 gcc/native/3.4.1057/avr32-gnu-toolchain/bin/../lib/gcc/avr32/4.4.7/ucr1\libstdc++.a(eh_terminate.o)
                                 0x80 (size before relaxing)
                0x8000483c                __cxxabiv1::__terminate(void (*)())
 .text._ZSt9terminatev
                0x800048a0        0xc y:/programe/atmel toolchain/avr32 gcc/native/3.4.1057/avr32-gnu-toolchain/bin/../lib/gcc/avr32/4.4.7/ucr1\libstdc++.a(eh_terminate.o)
                                 0x14 (size before relaxing)
                0x800048a0                std::terminate()
 .text._ZN10__cxxabiv112__unexpectedEPFvvE
                0x800048ac        0x8 y:/programe/atmel toolchain/avr32 gcc/native/3.4.1057/avr32-gnu-toolchain/bin/../lib/gcc/avr32/4.4.7/ucr1\libstdc++.a(eh_terminate.o)
                                  0xc (size before relaxing)
                0x800048ac                __cxxabiv1::__unexpected(void (*)())
 .text._ZSt10unexpectedv
                0x800048b4        0xc y:/programe/atmel toolchain/avr32 gcc/native/3.4.1057/avr32-gnu-toolchain/bin/../lib/gcc/avr32/4.4.7/ucr1\libstdc++.a(eh_terminate.o)
                                 0x14 (size before relaxing)
                0x800048b4                std::unexpected()
 .text.__cxa_call_terminate
                0x800048c0       0x38 y:/programe/atmel toolchain/avr32 gcc/native/3.4.1057/avr32-gnu-toolchain/bin/../lib/gcc/avr32/4.4.7/ucr1\libstdc++.a(eh_call.o)
                                 0x4c (size before relaxing)
                0x800048c0                __cxa_call_terminate
 .text.__cxa_end_catch
                0x800048f8       0x74 y:/programe/atmel toolchain/avr32 gcc/native/3.4.1057/avr32-gnu-toolchain/bin/../lib/gcc/avr32/4.4.7/ucr1\libstdc++.a(eh_catch.o)
                                 0x84 (size before relaxing)
                0x800048f8                __cxa_end_catch
 .text.__cxa_begin_catch
                0x8000496c       0xb4 y:/programe/atmel toolchain/avr32 gcc/native/3.4.1057/avr32-gnu-toolchain/bin/../lib/gcc/avr32/4.4.7/ucr1\libstdc++.a(eh_catch.o)
                                 0xd4 (size before relaxing)
                0x8000496c                __cxa_begin_catch
 .text._ZNSt9type_infoD2Ev
                0x80004a20        0xc y:/programe/atmel toolchain/avr32 gcc/native/3.4.1057/avr32-gnu-toolchain/bin/../lib/gcc/avr32/4.4.7/ucr1\libstdc++.a(tinfo.o)
                0x80004a20                std::type_info::~type_info()
 .text._ZNSt9type_infoD1Ev
                0x80004a2c        0xc y:/programe/atmel toolchain/avr32 gcc/native/3.4.1057/avr32-gnu-toolchain/bin/../lib/gcc/avr32/4.4.7/ucr1\libstdc++.a(tinfo.o)
                0x80004a2c                std::type_info::~type_info()
 .text._ZNKSt9type_info14__is_pointer_pEv
                0x80004a38        0x2 y:/programe/atmel toolchain/avr32 gcc/native/3.4.1057/avr32-gnu-toolchain/bin/../lib/gcc/avr32/4.4.7/ucr1\libstdc++.a(tinfo.o)
                0x80004a38                std::type_info::__is_pointer_p() const
 .text._ZNKSt9type_info15__is_function_pEv
                0x80004a3a        0x2 y:/programe/atmel toolchain/avr32 gcc/native/3.4.1057/avr32-gnu-toolchain/bin/../lib/gcc/avr32/4.4.7/ucr1\libstdc++.a(tinfo.o)
                0x80004a3a                std::type_info::__is_function_p() const
 .text._ZNKSt9type_info10__do_catchEPKS_PPvj
                0x80004a3c        0xa y:/programe/atmel toolchain/avr32 gcc/native/3.4.1057/avr32-gnu-toolchain/bin/../lib/gcc/avr32/4.4.7/ucr1\libstdc++.a(tinfo.o)
                0x80004a3c                std::type_info::__do_catch(std::type_info const*, void**, unsigned int) const
 .text._ZNKSt9type_info11__do_upcastEPKN10__cxxabiv117__class_type_infoEPPv
                0x80004a46        0x2 y:/programe/atmel toolchain/avr32 gcc/native/3.4.1057/avr32-gnu-toolchain/bin/../lib/gcc/avr32/4.4.7/ucr1\libstdc++.a(tinfo.o)
                0x80004a46                std::type_info::__do_upcast(__cxxabiv1::__class_type_info const*, void**) const
 .text._ZNSt9type_infoD0Ev
                0x80004a48       0x14 y:/programe/atmel toolchain/avr32 gcc/native/3.4.1057/avr32-gnu-toolchain/bin/../lib/gcc/avr32/4.4.7/ucr1\libstdc++.a(tinfo.o)
                                 0x18 (size before relaxing)
                0x80004a48                std::type_info::~type_info()
 .text._ZNK10__cxxabiv117__class_type_info10__do_catchEPKSt9type_infoPPvj
                0x80004a5c       0x22 y:/programe/atmel toolchain/avr32 gcc/native/3.4.1057/avr32-gnu-toolchain/bin/../lib/gcc/avr32/4.4.7/ucr1\libstdc++.a(class_type_info.o)
                0x80004a5c                __cxxabiv1::__class_type_info::__do_catch(std::type_info const*, void**, unsigned int) const
 .text._ZNK10__cxxabiv117__class_type_info11__do_upcastEPKS0_PPv
                0x80004a7e       0x3c y:/programe/atmel toolchain/avr32 gcc/native/3.4.1057/avr32-gnu-toolchain/bin/../lib/gcc/avr32/4.4.7/ucr1\libstdc++.a(class_type_info.o)
                0x80004a7e                __cxxabiv1::__class_type_info::__do_upcast(__cxxabiv1::__class_type_info const*, void**) const
 .text._ZNK10__cxxabiv117__class_type_info20__do_find_public_srcElPKvPKS0_S2_
                0x80004aba        0xc y:/programe/atmel toolchain/avr32 gcc/native/3.4.1057/avr32-gnu-toolchain/bin/../lib/gcc/avr32/4.4.7/ucr1\libstdc++.a(class_type_info.o)
                0x80004aba                __cxxabiv1::__class_type_info::__do_find_public_src(long, void const*, __cxxabiv1::__class_type_info const*, void const*) const
 .text._ZNK10__cxxabiv117__class_type_info12__do_dyncastElNS0_10__sub_kindEPKS0_PKvS3_S5_RNS0_16__dyncast_resultE
                0x80004ac6       0x38 y:/programe/atmel toolchain/avr32 gcc/native/3.4.1057/avr32-gnu-toolchain/bin/../lib/gcc/avr32/4.4.7/ucr1\libstdc++.a(class_type_info.o)
                0x80004ac6                __cxxabiv1::__class_type_info::__do_dyncast(long, __cxxabiv1::__class_type_info::__sub_kind, __cxxabiv1::__class_type_info const*, void const*, __cxxabiv1::__class_type_info const*, void const*, __cxxabiv1::__class_type_info::__dyncast_result&) const
 .text._ZNK10__cxxabiv117__class_type_info11__do_upcastEPKS0_PKvRNS0_15__upcast_resultE
                0x80004afe       0x18 y:/programe/atmel toolchain/avr32 gcc/native/3.4.1057/avr32-gnu-toolchain/bin/../lib/gcc/avr32/4.4.7/ucr1\libstdc++.a(class_type_info.o)
                0x80004afe                __cxxabiv1::__class_type_info::__do_upcast(__cxxabiv1::__class_type_info const*, void const*, __cxxabiv1::__class_type_info::__upcast_result&) const
 *fill*         0x80004b16        0x2 d703d703
 .text._ZN10__cxxabiv117__class_type_infoD1Ev
                0x80004b18       0x10 y:/programe/atmel toolchain/avr32 gcc/native/3.4.1057/avr32-gnu-toolchain/bin/../lib/gcc/avr32/4.4.7/ucr1\libstdc++.a(class_type_info.o)
                                 0x18 (size before relaxing)
                0x80004b18                __cxxabiv1::__class_type_info::~__class_type_info()
 .text._ZN10__cxxabiv117__class_type_infoD2Ev
                0x80004b28       0x10 y:/programe/atmel toolchain/avr32 gcc/native/3.4.1057/avr32-gnu-toolchain/bin/../lib/gcc/avr32/4.4.7/ucr1\libstdc++.a(class_type_info.o)
                                 0x18 (size before relaxing)
                0x80004b28                __cxxabiv1::__class_type_info::~__class_type_info()
 .text._ZN10__cxxabiv117__class_type_infoD0Ev
                0x80004b38       0x1c y:/programe/atmel toolchain/avr32 gcc/native/3.4.1057/avr32-gnu-toolchain/bin/../lib/gcc/avr32/4.4.7/ucr1\libstdc++.a(class_type_info.o)
                                 0x28 (size before relaxing)
                0x80004b38                __cxxabiv1::__class_type_info::~__class_type_info()
 .text._ZN9__gnu_cxx27__verbose_terminate_handlerEv
                0x80004b54      0x180 y:/programe/atmel toolchain/avr32 gcc/native/3.4.1057/avr32-gnu-toolchain/bin/../lib/gcc/avr32/4.4.7/ucr1\libstdc++.a(vterminate.o)
                                0x1b4 (size before relaxing)
                0x80004b54                __gnu_cxx::__verbose_terminate_handler()
 .text.__cxa_current_exception_type
                0x80004cd4       0x30 y:/programe/atmel toolchain/avr32 gcc/native/3.4.1057/avr32-gnu-toolchain/bin/../lib/gcc/avr32/4.4.7/ucr1\libstdc++.a(eh_type.o)
                                 0x34 (size before relaxing)
                0x80004cd4                __cxa_current_exception_type
 .text          0x80004d04     0x322c y:/programe/atmel toolchain/avr32 gcc/native/3.4.1057/avr32-gnu-toolchain/bin/../lib/gcc/avr32/4.4.7/ucr1\libstdc++.a(cp-demangle.o)
                               0x32ac (size before relaxing)
                0x80007328                __gcclibcxx_demangle_callback
                0x80007774                __cxa_demangle
 .text          0x80007f30      0x1d4 y:/programe/atmel toolchain/avr32 gcc/native/3.4.1057/avr32-gnu-toolchain/bin/../lib/gcc/avr32/4.4.7/ucr1\libgcc.a(_avr32_f64_mul.o)
                0x80007f30                __avr32_f64_mul
 .text          0x80008104      0x2b0 y:/programe/atmel toolchain/avr32 gcc/native/3.4.1057/avr32-gnu-toolchain/bin/../lib/gcc/avr32/4.4.7/ucr1\libgcc.a(_avr32_f64_addsub.o)
                0x80008108                __avr32_f64_sub
                0x800082a4                __avr32_f64_add
 .text          0x800083b4       0x2a y:/programe/atmel toolchain/avr32 gcc/native/3.4.1057/avr32-gnu-toolchain/bin/../lib/gcc/avr32/4.4.7/ucr1\libgcc.a(_avr32_f64_to_s32.o)
                0x800083b4                __avr32_f64_to_u32
                0x800083b8                __avr32_f64_to_s32
 .text          0x800083de       0x36 y:/programe/atmel toolchain/avr32 gcc/native/3.4.1057/avr32-gnu-toolchain/bin/../lib/gcc/avr32/4.4.7/ucr1\libgcc.a(_avr32_f32_cmp_lt.o)
                0x800083de                __avr32_f32_cmp_lt
 .text          0x80008414      0x31c y:/programe/atmel toolchain/avr32 gcc/native/3.4.1057/avr32-gnu-toolchain/bin/../lib/gcc/avr32/4.4.7/ucr1\libgcc.a(_avr32_f64_div.o)
                0x80008414                __avr32_f64_div
 .text          0x80008730      0x16c y:/programe/atmel toolchain/avr32 gcc/native/3.4.1057/avr32-gnu-toolchain/bin/../lib/gcc/avr32/4.4.7/ucr1\libgcc.a(_avr32_f32_div.o)
                0x80008730                __avr32_f32_div
 .text          0x8000889c      0x184 y:/programe/atmel toolchain/avr32 gcc/native/3.4.1057/avr32-gnu-toolchain/bin/../lib/gcc/avr32/4.4.7/ucr1\libgcc.a(_avr32_f32_addsub.o)
                0x800088a0                __avr32_f32_sub
                0x80008974                __avr32_f32_add
 .text          0x80008a20       0xe4 y:/programe/atmel toolchain/avr32 gcc/native/3.4.1057/avr32-gnu-toolchain/bin/../lib/gcc/avr32/4.4.7/ucr1\libgcc.a(_avr32_f32_mul.o)
                0x80008a20                __avr32_f32_mul
 .text          0x80008b04       0x74 y:/programe/atmel toolchain/avr32 gcc/native/3.4.1057/avr32-gnu-toolchain/bin/../lib/gcc/avr32/4.4.7/ucr1\libgcc.a(_avr32_s32_to_f32.o)
                0x80008b04                __avr32_s32_to_f32
 .text          0x80008b78       0x1e y:/programe/atmel toolchain/avr32 gcc/native/3.4.1057/avr32-gnu-toolchain/bin/../lib/gcc/avr32/4.4.7/ucr1\libgcc.a(_avr32_f32_to_s32.o)
                0x80008b78                __avr32_f32_to_s32
 .text          0x80008b96       0x62 y:/programe/atmel toolchain/avr32 gcc/native/3.4.1057/avr32-gnu-toolchain/bin/../lib/gcc/avr32/4.4.7/ucr1\libgcc.a(_avr32_f32_to_f64.o)
                0x80008b96                __avr32_f32_to_f64
 .text          0x80008bf8       0x8c y:/programe/atmel toolchain/avr32 gcc/native/3.4.1057/avr32-gnu-toolchain/bin/../lib/gcc/avr32/4.4.7/ucr1\libgcc.a(_avr32_f64_to_f32.o)
                0x80008bf8                __avr32_f64_to_f32
 .text          0x80008c84      0x29c y:/programe/atmel toolchain/avr32 gcc/native/3.4.1057/avr32-gnu-toolchain/bin/../lib/gcc/avr32/4.4.7/ucr1\libgcc.a(unwind-sjlj.o)
                                0x2cc (size before relaxing)
                0x80008c84                _Unwind_SjLj_Register
                0x80008c90                _Unwind_SjLj_Unregister
                0x80008c9c                _Unwind_GetGR
                0x80008ca6                _Unwind_GetCFA
                0x80008cb0                _Unwind_SetGR
                0x80008cba                _Unwind_GetIP
                0x80008cc2                _Unwind_GetIPInfo
                0x80008cd2                _Unwind_SetIP
                0x80008cda                _Unwind_GetLanguageSpecificData
                0x80008ce0                _Unwind_GetRegionStart
                0x80008ce2                _Unwind_FindEnclosingFunction
                0x80008ce4                _Unwind_GetDataRelBase
                0x80008ce6                _Unwind_GetTextRelBase
                0x80008d68                _Unwind_DeleteException
                0x80008d78                _Unwind_Backtrace
                0x80008e38                _Unwind_SjLj_Resume
                0x80008e64                _Unwind_SjLj_ForcedUnwind
                0x80008e8c                _Unwind_SjLj_RaiseException
                0x80008ef4                _Unwind_SjLj_Resume_or_Rethrow
 .text.abort    0x80008f20       0x10 y:/programe/atmel toolchain/avr32 gcc/native/3.4.1057/avr32-gnu-toolchain/bin/../lib/gcc/avr32/4.4.7/../../../../avr32/lib/ucr1\libc.a(lib_a-abort.o)
                                 0x18 (size before relaxing)
                0x80008f20                abort
 .text._fputc_r
                0x80008f30       0x48 y:/programe/atmel toolchain/avr32 gcc/native/3.4.1057/avr32-gnu-toolchain/bin/../lib/gcc/avr32/4.4.7/../../../../avr32/lib/ucr1\libc.a(lib_a-fputc.o)
                                 0x58 (size before relaxing)
                0x80008f30                _fputc_r
 .text.fputc    0x80008f78       0x10 y:/programe/atmel toolchain/avr32 gcc/native/3.4.1057/avr32-gnu-toolchain/bin/../lib/gcc/avr32/4.4.7/../../../../avr32/lib/ucr1\libc.a(lib_a-fputc.o)
                                 0x18 (size before relaxing)
                0x80008f78                fputc
 .text._fputs_r
                0x80008f88       0x5c y:/programe/atmel toolchain/avr32 gcc/native/3.4.1057/avr32-gnu-toolchain/bin/../lib/gcc/avr32/4.4.7/../../../../avr32/lib/ucr1\libc.a(lib_a-fputs.o)
                                 0x70 (size before relaxing)
                0x80008f88                _fputs_r
 .text.fputs    0x80008fe4       0x10 y:/programe/atmel toolchain/avr32 gcc/native/3.4.1057/avr32-gnu-toolchain/bin/../lib/gcc/avr32/4.4.7/../../../../avr32/lib/ucr1\libc.a(lib_a-fputs.o)
                                 0x18 (size before relaxing)
                0x80008fe4                fputs
 .text.__sfvwrite_r
                0x80008ff4      0x298 y:/programe/atmel toolchain/avr32 gcc/native/3.4.1057/avr32-gnu-toolchain/bin/../lib/gcc/avr32/4.4.7/../../../../avr32/lib/ucr1\libc.a(lib_a-fvwrite.o)
                                0x2bc (size before relaxing)
                0x80008ff4                __sfvwrite_r
 .text._fwrite_r
                0x8000928c       0x68 y:/programe/atmel toolchain/avr32 gcc/native/3.4.1057/avr32-gnu-toolchain/bin/../lib/gcc/avr32/4.4.7/../../../../avr32/lib/ucr1\libc.a(lib_a-fwrite.o)
                                 0x78 (size before relaxing)
                0x8000928c                _fwrite_r
 .text.fwrite   0x800092f4       0x14 y:/programe/atmel toolchain/avr32 gcc/native/3.4.1057/avr32-gnu-toolchain/bin/../lib/gcc/avr32/4.4.7/../../../../avr32/lib/ucr1\libc.a(lib_a-fwrite.o)
                                 0x1c (size before relaxing)
                0x800092f4                fwrite
 .text.free     0x80009308       0x10 y:/programe/atmel toolchain/avr32 gcc/native/3.4.1057/avr32-gnu-toolchain/bin/../lib/gcc/avr32/4.4.7/../../../../avr32/lib/ucr1\libc.a(lib_a-malloc.o)
                                 0x18 (size before relaxing)
                0x80009308                free
 .text.malloc   0x80009318       0x10 y:/programe/atmel toolchain/avr32 gcc/native/3.4.1057/avr32-gnu-toolchain/bin/../lib/gcc/avr32/4.4.7/../../../../avr32/lib/ucr1\libc.a(lib_a-malloc.o)
                                 0x18 (size before relaxing)
                0x80009318                malloc
 .text._malloc_r
                0x80009328      0x42c y:/programe/atmel toolchain/avr32 gcc/native/3.4.1057/avr32-gnu-toolchain/bin/../lib/gcc/avr32/4.4.7/../../../../avr32/lib/ucr1\libc.a(lib_a-mallocr.o)
                                0x44c (size before relaxing)
                0x80009328                _malloc_r
 .text.memchr   0x80009754       0x16 y:/programe/atmel toolchain/avr32 gcc/native/3.4.1057/avr32-gnu-toolchain/bin/../lib/gcc/avr32/4.4.7/../../../../avr32/lib/ucr1\libc.a(lib_a-memchr.o)
                0x80009754                memchr
 .text.memcmp   0x8000976a       0x26 y:/programe/atmel toolchain/avr32 gcc/native/3.4.1057/avr32-gnu-toolchain/bin/../lib/gcc/avr32/4.4.7/../../../../avr32/lib/ucr1\libc.a(lib_a-memcmp.o)
                0x8000976a                memcmp
 .text          0x80009790      0x148 y:/programe/atmel toolchain/avr32 gcc/native/3.4.1057/avr32-gnu-toolchain/bin/../lib/gcc/avr32/4.4.7/../../../../avr32/lib/ucr1\libc.a(lib_a-memcpy.o)
                0x80009790                memcpy
 .text.memmove  0x800098d8       0x3e y:/programe/atmel toolchain/avr32 gcc/native/3.4.1057/avr32-gnu-toolchain/bin/../lib/gcc/avr32/4.4.7/../../../../avr32/lib/ucr1\libc.a(lib_a-memmove.o)
                0x800098d8                memmove
 .text.memset   0x80009916        0xe y:/programe/atmel toolchain/avr32 gcc/native/3.4.1057/avr32-gnu-toolchain/bin/../lib/gcc/avr32/4.4.7/../../../../avr32/lib/ucr1\libc.a(lib_a-memset.o)
                0x80009916                memset
 .text.__malloc_lock
                0x80009924        0x2 y:/programe/atmel toolchain/avr32 gcc/native/3.4.1057/avr32-gnu-toolchain/bin/../lib/gcc/avr32/4.4.7/../../../../avr32/lib/ucr1\libc.a(lib_a-mlock.o)
                0x80009924                __malloc_lock
 .text.__malloc_unlock
                0x80009926        0x2 y:/programe/atmel toolchain/avr32 gcc/native/3.4.1057/avr32-gnu-toolchain/bin/../lib/gcc/avr32/4.4.7/../../../../avr32/lib/ucr1\libc.a(lib_a-mlock.o)
                0x80009926                __malloc_unlock
 .text._putc_r  0x80009928       0x7c y:/programe/atmel toolchain/avr32 gcc/native/3.4.1057/avr32-gnu-toolchain/bin/../lib/gcc/avr32/4.4.7/../../../../avr32/lib/ucr1\libc.a(lib_a-putc.o)
                                 0x8c (size before relaxing)
                0x80009928                _putc_r
 .text.realloc  0x800099a4       0x10 y:/programe/atmel toolchain/avr32 gcc/native/3.4.1057/avr32-gnu-toolchain/bin/../lib/gcc/avr32/4.4.7/../../../../avr32/lib/ucr1\libc.a(lib_a-realloc.o)
                                 0x18 (size before relaxing)
                0x800099a4                realloc
 .text._realloc_r
                0x800099b4      0x2b8 y:/programe/atmel toolchain/avr32 gcc/native/3.4.1057/avr32-gnu-toolchain/bin/../lib/gcc/avr32/4.4.7/../../../../avr32/lib/ucr1\libc.a(lib_a-reallocr.o)
                                0x2e0 (size before relaxing)
                0x800099b4                _realloc_r
 .text._sbrk_r  0x80009c6c       0x20 y:/programe/atmel toolchain/avr32 gcc/native/3.4.1057/avr32-gnu-toolchain/bin/../lib/gcc/avr32/4.4.7/../../../../avr32/lib/ucr1\libc.a(lib_a-sbrkr.o)
                                 0x28 (size before relaxing)
                0x80009c6c                _sbrk_r
 .text._raise_r
                0x80009c8c       0x4c y:/programe/atmel toolchain/avr32 gcc/native/3.4.1057/avr32-gnu-toolchain/bin/../lib/gcc/avr32/4.4.7/../../../../avr32/lib/ucr1\libc.a(lib_a-signal.o)
                                 0x58 (size before relaxing)
                0x80009c8c                _raise_r
 .text.raise    0x80009cd8       0x10 y:/programe/atmel toolchain/avr32 gcc/native/3.4.1057/avr32-gnu-toolchain/bin/../lib/gcc/avr32/4.4.7/../../../../avr32/lib/ucr1\libc.a(lib_a-signal.o)
                                 0x18 (size before relaxing)
                0x80009cd8                raise
 .text._getpid_r
                0x80009ce8        0x8 y:/programe/atmel toolchain/avr32 gcc/native/3.4.1057/avr32-gnu-toolchain/bin/../lib/gcc/avr32/4.4.7/../../../../avr32/lib/ucr1\libc.a(lib_a-signalr.o)
                                  0xc (size before relaxing)
                0x80009ce8                _getpid_r
 .text._kill_r  0x80009cf0       0x24 y:/programe/atmel toolchain/avr32 gcc/native/3.4.1057/avr32-gnu-toolchain/bin/../lib/gcc/avr32/4.4.7/../../../../avr32/lib/ucr1\libc.a(lib_a-signalr.o)
                                 0x2c (size before relaxing)
                0x80009cf0                _kill_r
 .text.sprintf  0x80009d14       0x3c y:/programe/atmel toolchain/avr32 gcc/native/3.4.1057/avr32-gnu-toolchain/bin/../lib/gcc/avr32/4.4.7/../../../../avr32/lib/ucr1\libc.a(lib_a-sprintf.o)
                                 0x40 (size before relaxing)
                0x80009d14                sprintf
 .text.strcat   0x80009d50       0x22 y:/programe/atmel toolchain/avr32 gcc/native/3.4.1057/avr32-gnu-toolchain/bin/../lib/gcc/avr32/4.4.7/../../../../avr32/lib/ucr1\libc.a(lib_a-strcat.o)
                0x80009d50                strcat
 *fill*         0x80009d72        0x2 d703d703
 .text          0x80009d74       0xa8 y:/programe/atmel toolchain/avr32 gcc/native/3.4.1057/avr32-gnu-toolchain/bin/../lib/gcc/avr32/4.4.7/../../../../avr32/lib/ucr1\libc.a(lib_a-strcmp.o)
                0x80009d74                strcmp
 .text.strcpy   0x80009e1c       0x12 y:/programe/atmel toolchain/avr32 gcc/native/3.4.1057/avr32-gnu-toolchain/bin/../lib/gcc/avr32/4.4.7/../../../../avr32/lib/ucr1\libc.a(lib_a-strcpy.o)
                0x80009e1c                strcpy
 .text.strlen   0x80009e2e       0x16 y:/programe/atmel toolchain/avr32 gcc/native/3.4.1057/avr32-gnu-toolchain/bin/../lib/gcc/avr32/4.4.7/../../../../avr32/lib/ucr1\libc.a(lib_a-strlen.o)
                0x80009e2e                strlen
 .text.strncmp  0x80009e44       0x26 y:/programe/atmel toolchain/avr32 gcc/native/3.4.1057/avr32-gnu-toolchain/bin/../lib/gcc/avr32/4.4.7/../../../../avr32/lib/ucr1\libc.a(lib_a-strncmp.o)
                0x80009e44                strncmp
 .text._exit    0x80009e6a        0xa y:/programe/atmel toolchain/avr32 gcc/native/3.4.1057/avr32-gnu-toolchain/bin/../lib/gcc/avr32/4.4.7/../../../../avr32/lib/ucr1\libc.a(lib_a-syscalls.o)
                0x80009e6a                _exit
 .text._close   0x80009e74       0x14 y:/programe/atmel toolchain/avr32 gcc/native/3.4.1057/avr32-gnu-toolchain/bin/../lib/gcc/avr32/4.4.7/../../../../avr32/lib/ucr1\libc.a(lib_a-syscalls.o)
                                 0x18 (size before relaxing)
                0x80009e74                _close
 .text._lseek   0x80009e88       0x14 y:/programe/atmel toolchain/avr32 gcc/native/3.4.1057/avr32-gnu-toolchain/bin/../lib/gcc/avr32/4.4.7/../../../../avr32/lib/ucr1\libc.a(lib_a-syscalls.o)
                                 0x18 (size before relaxing)
                0x80009e88                _lseek
 .text._read    0x80009e9c       0x14 y:/programe/atmel toolchain/avr32 gcc/native/3.4.1057/avr32-gnu-toolchain/bin/../lib/gcc/avr32/4.4.7/../../../../avr32/lib/ucr1\libc.a(lib_a-syscalls.o)
                                 0x18 (size before relaxing)
                0x80009e9c                _read
 .text._write   0x80009eb0       0x14 y:/programe/atmel toolchain/avr32 gcc/native/3.4.1057/avr32-gnu-toolchain/bin/../lib/gcc/avr32/4.4.7/../../../../avr32/lib/ucr1\libc.a(lib_a-syscalls.o)
                                 0x18 (size before relaxing)
                0x80009eb0                _write
 .text.isatty   0x80009ec4       0x14 y:/programe/atmel toolchain/avr32 gcc/native/3.4.1057/avr32-gnu-toolchain/bin/../lib/gcc/avr32/4.4.7/../../../../avr32/lib/ucr1\libc.a(lib_a-syscalls.o)
                                 0x18 (size before relaxing)
                0x80009ec4                isatty
 .text._fstat_host
                0x80009ed8       0x14 y:/programe/atmel toolchain/avr32 gcc/native/3.4.1057/avr32-gnu-toolchain/bin/../lib/gcc/avr32/4.4.7/../../../../avr32/lib/ucr1\libc.a(lib_a-syscalls.o)
                                 0x18 (size before relaxing)
                0x80009ed8                _fstat_host
 .text._fstat   0x80009eec       0x4c y:/programe/atmel toolchain/avr32 gcc/native/3.4.1057/avr32-gnu-toolchain/bin/../lib/gcc/avr32/4.4.7/../../../../avr32/lib/ucr1\libc.a(lib_a-syscalls.o)
                                 0x50 (size before relaxing)
                0x80009eec                _fstat
 .text._kill    0x80009f38        0x2 y:/programe/atmel toolchain/avr32 gcc/native/3.4.1057/avr32-gnu-toolchain/bin/../lib/gcc/avr32/4.4.7/../../../../avr32/lib/ucr1\libc.a(lib_a-syscalls.o)
                0x80009f38                _kill
 .text._getpid  0x80009f3a        0x2 y:/programe/atmel toolchain/avr32 gcc/native/3.4.1057/avr32-gnu-toolchain/bin/../lib/gcc/avr32/4.4.7/../../../../avr32/lib/ucr1\libc.a(lib_a-syscalls.o)
                0x80009f3a                _getpid
 .text._sbrk    0x80009f3c       0x38 y:/programe/atmel toolchain/avr32 gcc/native/3.4.1057/avr32-gnu-toolchain/bin/../lib/gcc/avr32/4.4.7/../../../../avr32/lib/ucr1\libc.a(lib_a-syscalls.o)
                                 0x40 (size before relaxing)
                0x80009f3c                _sbrk
 .text.get_arg  0x80009f74      0x318 y:/programe/atmel toolchain/avr32 gcc/native/3.4.1057/avr32-gnu-toolchain/bin/../lib/gcc/avr32/4.4.7/../../../../avr32/lib/ucr1\libc.a(lib_a-vfprintf.o)
                                0x324 (size before relaxing)
 .text.__sprint_r
                0x8000a28c       0x1c y:/programe/atmel toolchain/avr32 gcc/native/3.4.1057/avr32-gnu-toolchain/bin/../lib/gcc/avr32/4.4.7/../../../../avr32/lib/ucr1\libc.a(lib_a-vfprintf.o)
                                 0x20 (size before relaxing)
 .text._vfprintf_r
                0x8000a2a8     0x1f1c y:/programe/atmel toolchain/avr32 gcc/native/3.4.1057/avr32-gnu-toolchain/bin/../lib/gcc/avr32/4.4.7/../../../../avr32/lib/ucr1\libc.a(lib_a-vfprintf.o)
                               0x1fa4 (size before relaxing)
                0x8000a2a8                _vfprintf_r
 .text.__swbuf_r
                0x8000c1c4       0xa8 y:/programe/atmel toolchain/avr32 gcc/native/3.4.1057/avr32-gnu-toolchain/bin/../lib/gcc/avr32/4.4.7/../../../../avr32/lib/ucr1\libc.a(lib_a-wbuf.o)
                                 0xbc (size before relaxing)
                0x8000c1c4                __swbuf_r
 .text.__swsetup_r
                0x8000c26c       0xdc y:/programe/atmel toolchain/avr32 gcc/native/3.4.1057/avr32-gnu-toolchain/bin/../lib/gcc/avr32/4.4.7/../../../../avr32/lib/ucr1\libc.a(lib_a-wsetup.o)
                                 0xe8 (size before relaxing)
                0x8000c26c                __swsetup_r
 .text.quorem   0x8000c348      0x120 y:/programe/atmel toolchain/avr32 gcc/native/3.4.1057/avr32-gnu-toolchain/bin/../lib/gcc/avr32/4.4.7/../../../../avr32/lib/ucr1\libc.a(lib_a-dtoa.o)
                                0x124 (size before relaxing)
 .text._dtoa_r  0x8000c468      0xbf8 y:/programe/atmel toolchain/avr32 gcc/native/3.4.1057/avr32-gnu-toolchain/bin/../lib/gcc/avr32/4.4.7/../../../../avr32/lib/ucr1\libc.a(lib_a-dtoa.o)
                                0xcac (size before relaxing)
                0x8000c468                _dtoa_r
 .text.__errno  0x8000d060        0xc y:/programe/atmel toolchain/avr32 gcc/native/3.4.1057/avr32-gnu-toolchain/bin/../lib/gcc/avr32/4.4.7/../../../../avr32/lib/ucr1\libc.a(lib_a-errno.o)
                0x8000d060                __errno
 .text._fflush_r
                0x8000d06c      0x108 y:/programe/atmel toolchain/avr32 gcc/native/3.4.1057/avr32-gnu-toolchain/bin/../lib/gcc/avr32/4.4.7/../../../../avr32/lib/ucr1\libc.a(lib_a-fflush.o)
                                0x114 (size before relaxing)
                0x8000d06c                _fflush_r
 .text.__sfp_lock_acquire
                0x8000d174        0x2 y:/programe/atmel toolchain/avr32 gcc/native/3.4.1057/avr32-gnu-toolchain/bin/../lib/gcc/avr32/4.4.7/../../../../avr32/lib/ucr1\libc.a(lib_a-findfp.o)
                0x8000d174                __sfp_lock_acquire
 .text.__sfp_lock_release
                0x8000d176        0x2 y:/programe/atmel toolchain/avr32 gcc/native/3.4.1057/avr32-gnu-toolchain/bin/../lib/gcc/avr32/4.4.7/../../../../avr32/lib/ucr1\libc.a(lib_a-findfp.o)
                0x8000d176                __sfp_lock_release
 .text._cleanup_r
                0x8000d178        0xc y:/programe/atmel toolchain/avr32 gcc/native/3.4.1057/avr32-gnu-toolchain/bin/../lib/gcc/avr32/4.4.7/../../../../avr32/lib/ucr1\libc.a(lib_a-findfp.o)
                                 0x14 (size before relaxing)
                0x8000d178                _cleanup_r
 .text.__sfmoreglue
                0x8000d184       0x28 y:/programe/atmel toolchain/avr32 gcc/native/3.4.1057/avr32-gnu-toolchain/bin/../lib/gcc/avr32/4.4.7/../../../../avr32/lib/ucr1\libc.a(lib_a-findfp.o)
                                 0x30 (size before relaxing)
                0x8000d184                __sfmoreglue
 .text.__sfp    0x8000d1ac       0x6c y:/programe/atmel toolchain/avr32 gcc/native/3.4.1057/avr32-gnu-toolchain/bin/../lib/gcc/avr32/4.4.7/../../../../avr32/lib/ucr1\libc.a(lib_a-findfp.o)
                                 0x7c (size before relaxing)
                0x8000d1ac                __sfp
 .text.__sinit  0x8000d218       0x9c y:/programe/atmel toolchain/avr32 gcc/native/3.4.1057/avr32-gnu-toolchain/bin/../lib/gcc/avr32/4.4.7/../../../../avr32/lib/ucr1\libc.a(lib_a-findfp.o)
                                 0xb0 (size before relaxing)
                0x8000d218                __sinit
 .text._malloc_trim_r
                0x8000d2b4       0x98 y:/programe/atmel toolchain/avr32 gcc/native/3.4.1057/avr32-gnu-toolchain/bin/../lib/gcc/avr32/4.4.7/../../../../avr32/lib/ucr1\libc.a(lib_a-freer.o)
                                 0xa8 (size before relaxing)
                0x8000d2b4                _malloc_trim_r
 .text._free_r  0x8000d34c      0x188 y:/programe/atmel toolchain/avr32 gcc/native/3.4.1057/avr32-gnu-toolchain/bin/../lib/gcc/avr32/4.4.7/../../../../avr32/lib/ucr1\libc.a(lib_a-freer.o)
                                0x19c (size before relaxing)
                0x8000d34c                _free_r
 .text._fwalk   0x8000d4d4       0x48 y:/programe/atmel toolchain/avr32 gcc/native/3.4.1057/avr32-gnu-toolchain/bin/../lib/gcc/avr32/4.4.7/../../../../avr32/lib/ucr1\libc.a(lib_a-fwalk.o)
                                 0x54 (size before relaxing)
                0x8000d4d4                _fwalk
 .text._localeconv_r
                0x8000d51c        0x8 y:/programe/atmel toolchain/avr32 gcc/native/3.4.1057/avr32-gnu-toolchain/bin/../lib/gcc/avr32/4.4.7/../../../../avr32/lib/ucr1\libc.a(lib_a-locale.o)
                0x8000d51c                _localeconv_r
 .text.__smakebuf_r
                0x8000d524       0xbc y:/programe/atmel toolchain/avr32 gcc/native/3.4.1057/avr32-gnu-toolchain/bin/../lib/gcc/avr32/4.4.7/../../../../avr32/lib/ucr1\libc.a(lib_a-makebuf.o)
                                 0xcc (size before relaxing)
                0x8000d524                __smakebuf_r
 .text.__hi0bits
                0x8000d5e0       0x76 y:/programe/atmel toolchain/avr32 gcc/native/3.4.1057/avr32-gnu-toolchain/bin/../lib/gcc/avr32/4.4.7/../../../../avr32/lib/ucr1\libc.a(lib_a-mprec.o)
                0x8000d5e0                __hi0bits
 .text.__lo0bits
                0x8000d656       0x8e y:/programe/atmel toolchain/avr32 gcc/native/3.4.1057/avr32-gnu-toolchain/bin/../lib/gcc/avr32/4.4.7/../../../../avr32/lib/ucr1\libc.a(lib_a-mprec.o)
                0x8000d656                __lo0bits
 .text.__mcmp   0x8000d6e4       0x32 y:/programe/atmel toolchain/avr32 gcc/native/3.4.1057/avr32-gnu-toolchain/bin/../lib/gcc/avr32/4.4.7/../../../../avr32/lib/ucr1\libc.a(lib_a-mprec.o)
                0x8000d6e4                __mcmp
 *fill*         0x8000d716        0x2 d703d703
 .text._Bfree   0x8000d718       0x34 y:/programe/atmel toolchain/avr32 gcc/native/3.4.1057/avr32-gnu-toolchain/bin/../lib/gcc/avr32/4.4.7/../../../../avr32/lib/ucr1\libc.a(lib_a-mprec.o)
                                 0x38 (size before relaxing)
                0x8000d718                _Bfree
 .text._Balloc  0x8000d74c       0x70 y:/programe/atmel toolchain/avr32 gcc/native/3.4.1057/avr32-gnu-toolchain/bin/../lib/gcc/avr32/4.4.7/../../../../avr32/lib/ucr1\libc.a(lib_a-mprec.o)
                                 0x78 (size before relaxing)
                0x8000d74c                _Balloc
 .text.__d2b    0x8000d7bc       0xa0 y:/programe/atmel toolchain/avr32 gcc/native/3.4.1057/avr32-gnu-toolchain/bin/../lib/gcc/avr32/4.4.7/../../../../avr32/lib/ucr1\libc.a(lib_a-mprec.o)
                                 0xb4 (size before relaxing)
                0x8000d7bc                __d2b
 .text.__mdiff  0x8000d85c       0xd0 y:/programe/atmel toolchain/avr32 gcc/native/3.4.1057/avr32-gnu-toolchain/bin/../lib/gcc/avr32/4.4.7/../../../../avr32/lib/ucr1\libc.a(lib_a-mprec.o)
                                 0xd8 (size before relaxing)
                0x8000d85c                __mdiff
 .text.__lshift
                0x8000d92c       0x88 y:/programe/atmel toolchain/avr32 gcc/native/3.4.1057/avr32-gnu-toolchain/bin/../lib/gcc/avr32/4.4.7/../../../../avr32/lib/ucr1\libc.a(lib_a-mprec.o)
                                 0x94 (size before relaxing)
                0x8000d92c                __lshift
 .text.__multiply
                0x8000d9b4      0x100 y:/programe/atmel toolchain/avr32 gcc/native/3.4.1057/avr32-gnu-toolchain/bin/../lib/gcc/avr32/4.4.7/../../../../avr32/lib/ucr1\libc.a(lib_a-mprec.o)
                                0x104 (size before relaxing)
                0x8000d9b4                __multiply
 .text.__i2b    0x8000dab4       0x10 y:/programe/atmel toolchain/avr32 gcc/native/3.4.1057/avr32-gnu-toolchain/bin/../lib/gcc/avr32/4.4.7/../../../../avr32/lib/ucr1\libc.a(lib_a-mprec.o)
                                 0x18 (size before relaxing)
                0x8000dab4                __i2b
 .text.__multadd
                0x8000dac4       0x7c y:/programe/atmel toolchain/avr32 gcc/native/3.4.1057/avr32-gnu-toolchain/bin/../lib/gcc/avr32/4.4.7/../../../../avr32/lib/ucr1\libc.a(lib_a-mprec.o)
                                 0x88 (size before relaxing)
                0x8000dac4                __multadd
 .text.__pow5mult
                0x8000db40       0x8c y:/programe/atmel toolchain/avr32 gcc/native/3.4.1057/avr32-gnu-toolchain/bin/../lib/gcc/avr32/4.4.7/../../../../avr32/lib/ucr1\libc.a(lib_a-mprec.o)
                                 0xac (size before relaxing)
                0x8000db40                __pow5mult
 .text.__isinfd
                0x8000dbcc       0x2c y:/programe/atmel toolchain/avr32 gcc/native/3.4.1057/avr32-gnu-toolchain/bin/../lib/gcc/avr32/4.4.7/../../../../avr32/lib/ucr1\libc.a(lib_a-s_isinfd.o)
                0x8000dbcc                __isinfd
 .text.__isnand
                0x8000dbf8       0x1e y:/programe/atmel toolchain/avr32 gcc/native/3.4.1057/avr32-gnu-toolchain/bin/../lib/gcc/avr32/4.4.7/../../../../avr32/lib/ucr1\libc.a(lib_a-s_isnand.o)
                0x8000dbf8                __isnand
 *fill*         0x8000dc16        0x2 d703d703
 .text.__sclose
                0x8000dc18        0x8 y:/programe/atmel toolchain/avr32 gcc/native/3.4.1057/avr32-gnu-toolchain/bin/../lib/gcc/avr32/4.4.7/../../../../avr32/lib/ucr1\libc.a(lib_a-stdio.o)
                                 0x10 (size before relaxing)
                0x8000dc18                __sclose
 .text.__sseek  0x8000dc20       0x20 y:/programe/atmel toolchain/avr32 gcc/native/3.4.1057/avr32-gnu-toolchain/bin/../lib/gcc/avr32/4.4.7/../../../../avr32/lib/ucr1\libc.a(lib_a-stdio.o)
                                 0x24 (size before relaxing)
                0x8000dc20                __sseek
 .text.__swrite
                0x8000dc40       0x2c y:/programe/atmel toolchain/avr32 gcc/native/3.4.1057/avr32-gnu-toolchain/bin/../lib/gcc/avr32/4.4.7/../../../../avr32/lib/ucr1\libc.a(lib_a-stdio.o)
                                 0x38 (size before relaxing)
                0x8000dc40                __swrite
 .text.__sread  0x8000dc6c       0x1c y:/programe/atmel toolchain/avr32 gcc/native/3.4.1057/avr32-gnu-toolchain/bin/../lib/gcc/avr32/4.4.7/../../../../avr32/lib/ucr1\libc.a(lib_a-stdio.o)
                                 0x24 (size before relaxing)
                0x8000dc6c                __sread
 .text._write_r
                0x8000dc88       0x28 y:/programe/atmel toolchain/avr32 gcc/native/3.4.1057/avr32-gnu-toolchain/bin/../lib/gcc/avr32/4.4.7/../../../../avr32/lib/ucr1\libc.a(lib_a-writer.o)
                                 0x2c (size before relaxing)
                0x8000dc88                _write_r
 .text._calloc_r
                0x8000dcb0       0x58 y:/programe/atmel toolchain/avr32 gcc/native/3.4.1057/avr32-gnu-toolchain/bin/../lib/gcc/avr32/4.4.7/../../../../avr32/lib/ucr1\libc.a(lib_a-callocr.o)
                                 0x60 (size before relaxing)
                0x8000dcb0                _calloc_r
 .text._close_r
                0x8000dd08       0x20 y:/programe/atmel toolchain/avr32 gcc/native/3.4.1057/avr32-gnu-toolchain/bin/../lib/gcc/avr32/4.4.7/../../../../avr32/lib/ucr1\libc.a(lib_a-closer.o)
                                 0x28 (size before relaxing)
                0x8000dd08                _close_r
 .text._fclose_r
                0x8000dd28       0xb8 y:/programe/atmel toolchain/avr32 gcc/native/3.4.1057/avr32-gnu-toolchain/bin/../lib/gcc/avr32/4.4.7/../../../../avr32/lib/ucr1\libc.a(lib_a-fclose.o)
                                 0xd0 (size before relaxing)
                0x8000dd28                _fclose_r
 .text.fclose   0x8000dde0       0x10 y:/programe/atmel toolchain/avr32 gcc/native/3.4.1057/avr32-gnu-toolchain/bin/../lib/gcc/avr32/4.4.7/../../../../avr32/lib/ucr1\libc.a(lib_a-fclose.o)
                                 0x18 (size before relaxing)
                0x8000dde0                fclose
 .text._fstat_r
                0x8000ddf0       0x24 y:/programe/atmel toolchain/avr32 gcc/native/3.4.1057/avr32-gnu-toolchain/bin/../lib/gcc/avr32/4.4.7/../../../../avr32/lib/ucr1\libc.a(lib_a-fstatr.o)
                                 0x2c (size before relaxing)
                0x8000ddf0                _fstat_r
 .text._lseek_r
                0x8000de14       0x28 y:/programe/atmel toolchain/avr32 gcc/native/3.4.1057/avr32-gnu-toolchain/bin/../lib/gcc/avr32/4.4.7/../../../../avr32/lib/ucr1\libc.a(lib_a-lseekr.o)
                                 0x2c (size before relaxing)
                0x8000de14                _lseek_r
 .text._read_r  0x8000de3c       0x28 y:/programe/atmel toolchain/avr32 gcc/native/3.4.1057/avr32-gnu-toolchain/bin/../lib/gcc/avr32/4.4.7/../../../../avr32/lib/ucr1\libc.a(lib_a-readr.o)
                                 0x2c (size before relaxing)
                0x8000de3c                _read_r
 .text          0x8000de64       0xea y:/programe/atmel toolchain/avr32 gcc/native/3.4.1057/avr32-gnu-toolchain/bin/../lib/gcc/avr32/4.4.7/ucr1\libgcc.a(_avr32_s32_to_f64.o)
                0x8000de64                __avr32_u32_to_f64
                0x8000de6c                __avr32_s32_to_f64
 .text          0x8000df4e       0x28 y:/programe/atmel toolchain/avr32 gcc/native/3.4.1057/avr32-gnu-toolchain/bin/../lib/gcc/avr32/4.4.7/ucr1\libgcc.a(_avr32_f64_cmp_eq.o)
                0x8000df4e                __avr32_f64_cmp_eq
 .text          0x8000df76       0x6a y:/programe/atmel toolchain/avr32 gcc/native/3.4.1057/avr32-gnu-toolchain/bin/../lib/gcc/avr32/4.4.7/ucr1\libgcc.a(_avr32_f64_cmp_ge.o)
                0x8000df76                __avr32_f64_cmp_ge
 .text          0x8000dfe0       0x6a y:/programe/atmel toolchain/avr32 gcc/native/3.4.1057/avr32-gnu-toolchain/bin/../lib/gcc/avr32/4.4.7/ucr1\libgcc.a(_avr32_f64_cmp_lt.o)
                0x8000dfe0                __avr32_f64_cmp_lt
 .text          0x8000e04a      0x288 y:/programe/atmel toolchain/avr32 gcc/native/3.4.1057/avr32-gnu-toolchain/bin/../lib/gcc/avr32/4.4.7/ucr1\libgcc.a(_udivdi3.o)
                0x8000e04a                __avr32_udiv64
                0x8000e04a                __udivdi3
 .text          0x8000e2d2      0x22c y:/programe/atmel toolchain/avr32 gcc/native/3.4.1057/avr32-gnu-toolchain/bin/../lib/gcc/avr32/4.4.7/ucr1\libgcc.a(_umoddi3.o)
                0x8000e2d2                __avr32_umod64
                0x8000e2d2                __umoddi3
 *(.text.*personality*)
 *(.gnu.warning)

.exception      0x8000e600      0x200
 .exception     0x8000e600      0x200 assembler/exception.o
                0x8000e600                _evba
                0x8000e704                _int0
                0x8000e71c                _int1
                0x8000e734                _int2
                0x8000e74c                _int3

.fini
 *(.fini)
                0x8000e800                PROVIDE (__etext, .)
                0x8000e800                PROVIDE (_etext, .)
                0x8000e800                PROVIDE (etext, .)

.rodata         0x8000e800      0xf8c
 *(.rodata .rodata.* .gnu.linkonce.r.*)
 .rodata.str1.4
                0x8000e800       0x8d Segway/Segway.o
                                 0x90 (size before relaxing)
 *fill*         0x8000e88d        0x3 
 .rodata._ZTVSt9bad_alloc
                0x8000e890       0x14 y:/programe/atmel toolchain/avr32 gcc/native/3.4.1057/avr32-gnu-toolchain/bin/../lib/gcc/avr32/4.4.7/ucr1\libstdc++.a(new_handler.o)
                0x8000e890                vtable for std::bad_alloc
 .rodata._ZTSSt9bad_alloc
                0x8000e8a4       0x10 y:/programe/atmel toolchain/avr32 gcc/native/3.4.1057/avr32-gnu-toolchain/bin/../lib/gcc/avr32/4.4.7/ucr1\libstdc++.a(new_handler.o)
                0x8000e8a4                typeinfo name for std::bad_alloc
 .rodata._ZTISt9bad_alloc
                0x8000e8b4        0xc y:/programe/atmel toolchain/avr32 gcc/native/3.4.1057/avr32-gnu-toolchain/bin/../lib/gcc/avr32/4.4.7/ucr1\libstdc++.a(new_handler.o)
                0x8000e8b4                typeinfo for std::bad_alloc
 .rodata.str1.4
                0x8000e8c0        0xf y:/programe/atmel toolchain/avr32 gcc/native/3.4.1057/avr32-gnu-toolchain/bin/../lib/gcc/avr32/4.4.7/ucr1\libstdc++.a(new_handler.o)
                                 0x10 (size before relaxing)
 *fill*         0x8000e8cf        0x1 
 .rodata._ZTVN10__cxxabiv120__si_class_type_infoE
                0x8000e8d0       0x2c y:/programe/atmel toolchain/avr32 gcc/native/3.4.1057/avr32-gnu-toolchain/bin/../lib/gcc/avr32/4.4.7/ucr1\libstdc++.a(si_class_type_info.o)
                0x8000e8d0                vtable for __cxxabiv1::__si_class_type_info
 .rodata._ZTSN10__cxxabiv120__si_class_type_infoE
                0x8000e8fc       0x28 y:/programe/atmel toolchain/avr32 gcc/native/3.4.1057/avr32-gnu-toolchain/bin/../lib/gcc/avr32/4.4.7/ucr1\libstdc++.a(si_class_type_info.o)
                0x8000e8fc                typeinfo name for __cxxabiv1::__si_class_type_info
 .rodata._ZTIN10__cxxabiv120__si_class_type_infoE
                0x8000e924        0xc y:/programe/atmel toolchain/avr32 gcc/native/3.4.1057/avr32-gnu-toolchain/bin/../lib/gcc/avr32/4.4.7/ucr1\libstdc++.a(si_class_type_info.o)
                0x8000e924                typeinfo for __cxxabiv1::__si_class_type_info
 .rodata._ZL28read_encoded_value_with_basehjPKhPj
                0x8000e930       0x34 y:/programe/atmel toolchain/avr32 gcc/native/3.4.1057/avr32-gnu-toolchain/bin/../lib/gcc/avr32/4.4.7/ucr1\libstdc++.a(eh_personality.o)
 .rodata._ZTVSt13bad_exception
                0x8000e964       0x14 y:/programe/atmel toolchain/avr32 gcc/native/3.4.1057/avr32-gnu-toolchain/bin/../lib/gcc/avr32/4.4.7/ucr1\libstdc++.a(eh_exception.o)
                0x8000e964                vtable for std::bad_exception
 .rodata._ZTVSt9exception
                0x8000e978       0x14 y:/programe/atmel toolchain/avr32 gcc/native/3.4.1057/avr32-gnu-toolchain/bin/../lib/gcc/avr32/4.4.7/ucr1\libstdc++.a(eh_exception.o)
                0x8000e978                vtable for std::exception
 .rodata._ZTSN10__cxxabiv119__foreign_exceptionE
                0x8000e98c       0x24 y:/programe/atmel toolchain/avr32 gcc/native/3.4.1057/avr32-gnu-toolchain/bin/../lib/gcc/avr32/4.4.7/ucr1\libstdc++.a(eh_exception.o)
                0x8000e98c                typeinfo name for __cxxabiv1::__foreign_exception
 .rodata._ZTIN10__cxxabiv119__foreign_exceptionE
                0x8000e9b0        0x8 y:/programe/atmel toolchain/avr32 gcc/native/3.4.1057/avr32-gnu-toolchain/bin/../lib/gcc/avr32/4.4.7/ucr1\libstdc++.a(eh_exception.o)
                0x8000e9b0                typeinfo for __cxxabiv1::__foreign_exception
 .rodata._ZTSN10__cxxabiv115__forced_unwindE
                0x8000e9b8       0x20 y:/programe/atmel toolchain/avr32 gcc/native/3.4.1057/avr32-gnu-toolchain/bin/../lib/gcc/avr32/4.4.7/ucr1\libstdc++.a(eh_exception.o)
                0x8000e9b8                typeinfo name for __cxxabiv1::__forced_unwind
 .rodata._ZTIN10__cxxabiv115__forced_unwindE
                0x8000e9d8        0x8 y:/programe/atmel toolchain/avr32 gcc/native/3.4.1057/avr32-gnu-toolchain/bin/../lib/gcc/avr32/4.4.7/ucr1\libstdc++.a(eh_exception.o)
                0x8000e9d8                typeinfo for __cxxabiv1::__forced_unwind
 .rodata._ZTSSt13bad_exception
                0x8000e9e0       0x14 y:/programe/atmel toolchain/avr32 gcc/native/3.4.1057/avr32-gnu-toolchain/bin/../lib/gcc/avr32/4.4.7/ucr1\libstdc++.a(eh_exception.o)
                0x8000e9e0                typeinfo name for std::bad_exception
 .rodata._ZTISt13bad_exception
                0x8000e9f4        0xc y:/programe/atmel toolchain/avr32 gcc/native/3.4.1057/avr32-gnu-toolchain/bin/../lib/gcc/avr32/4.4.7/ucr1\libstdc++.a(eh_exception.o)
                0x8000e9f4                typeinfo for std::bad_exception
 .rodata._ZTSSt9exception
                0x8000ea00       0x10 y:/programe/atmel toolchain/avr32 gcc/native/3.4.1057/avr32-gnu-toolchain/bin/../lib/gcc/avr32/4.4.7/ucr1\libstdc++.a(eh_exception.o)
                0x8000ea00                typeinfo name for std::exception
 .rodata._ZTISt9exception
                0x8000ea10        0x8 y:/programe/atmel toolchain/avr32 gcc/native/3.4.1057/avr32-gnu-toolchain/bin/../lib/gcc/avr32/4.4.7/ucr1\libstdc++.a(eh_exception.o)
                0x8000ea10                typeinfo for std::exception
 .rodata.str1.4
                0x8000ea18       0x23 y:/programe/atmel toolchain/avr32 gcc/native/3.4.1057/avr32-gnu-toolchain/bin/../lib/gcc/avr32/4.4.7/ucr1\libstdc++.a(eh_exception.o)
                                 0x24 (size before relaxing)
 *fill*         0x8000ea3b        0x1 
 .rodata._ZTVSt9type_info
                0x8000ea3c       0x20 y:/programe/atmel toolchain/avr32 gcc/native/3.4.1057/avr32-gnu-toolchain/bin/../lib/gcc/avr32/4.4.7/ucr1\libstdc++.a(tinfo.o)
                0x8000ea3c                vtable for std::type_info
 .rodata._ZTSSt9type_info
                0x8000ea5c       0x10 y:/programe/atmel toolchain/avr32 gcc/native/3.4.1057/avr32-gnu-toolchain/bin/../lib/gcc/avr32/4.4.7/ucr1\libstdc++.a(tinfo.o)
                0x8000ea5c                typeinfo name for std::type_info
 .rodata._ZTISt9type_info
                0x8000ea6c        0x8 y:/programe/atmel toolchain/avr32 gcc/native/3.4.1057/avr32-gnu-toolchain/bin/../lib/gcc/avr32/4.4.7/ucr1\libstdc++.a(tinfo.o)
                0x8000ea6c                typeinfo for std::type_info
 .rodata._ZTVN10__cxxabiv117__class_type_infoE
                0x8000ea74       0x2c y:/programe/atmel toolchain/avr32 gcc/native/3.4.1057/avr32-gnu-toolchain/bin/../lib/gcc/avr32/4.4.7/ucr1\libstdc++.a(class_type_info.o)
                0x8000ea74                vtable for __cxxabiv1::__class_type_info
 .rodata._ZTSN10__cxxabiv117__class_type_infoE
                0x8000eaa0       0x24 y:/programe/atmel toolchain/avr32 gcc/native/3.4.1057/avr32-gnu-toolchain/bin/../lib/gcc/avr32/4.4.7/ucr1\libstdc++.a(class_type_info.o)
                0x8000eaa0                typeinfo name for __cxxabiv1::__class_type_info
 .rodata._ZTIN10__cxxabiv117__class_type_infoE
                0x8000eac4        0xc y:/programe/atmel toolchain/avr32 gcc/native/3.4.1057/avr32-gnu-toolchain/bin/../lib/gcc/avr32/4.4.7/ucr1\libstdc++.a(class_type_info.o)
                0x8000eac4                typeinfo for __cxxabiv1::__class_type_info
 .rodata.str1.4
                0x8000ead0       0x92 y:/programe/atmel toolchain/avr32 gcc/native/3.4.1057/avr32-gnu-toolchain/bin/../lib/gcc/avr32/4.4.7/ucr1\libstdc++.a(vterminate.o)
                                 0x94 (size before relaxing)
 *fill*         0x8000eb62        0x2 
 .rodata.str1.4
                0x8000eb64      0x6a3 y:/programe/atmel toolchain/avr32 gcc/native/3.4.1057/avr32-gnu-toolchain/bin/../lib/gcc/avr32/4.4.7/ucr1\libstdc++.a(cp-demangle.o)
                                0x6d0 (size before relaxing)
 *fill*         0x8000f207        0x1 
 .rodata.str1.4
                0x8000f208        0x2 y:/programe/atmel toolchain/avr32 gcc/native/3.4.1057/avr32-gnu-toolchain/bin/../lib/gcc/avr32/4.4.7/../../../../avr32/lib/ucr1\libc.a(lib_a-impure.o)
                                  0x4 (size before relaxing)
 *fill*         0x8000f20a        0x2 
 .rodata._global_impure_ptr
                0x8000f20c        0x4 y:/programe/atmel toolchain/avr32 gcc/native/3.4.1057/avr32-gnu-toolchain/bin/../lib/gcc/avr32/4.4.7/../../../../avr32/lib/ucr1\libc.a(lib_a-impure.o)
                0x8000f20c                _global_impure_ptr
 .rodata.get_arg
                0x8000f210       0x3c y:/programe/atmel toolchain/avr32 gcc/native/3.4.1057/avr32-gnu-toolchain/bin/../lib/gcc/avr32/4.4.7/../../../../avr32/lib/ucr1\libc.a(lib_a-vfprintf.o)
 .rodata._vfprintf_r
                0x8000f24c      0x164 y:/programe/atmel toolchain/avr32 gcc/native/3.4.1057/avr32-gnu-toolchain/bin/../lib/gcc/avr32/4.4.7/../../../../avr32/lib/ucr1\libc.a(lib_a-vfprintf.o)
 .rodata.state_table
                0x8000f3b0       0x6c y:/programe/atmel toolchain/avr32 gcc/native/3.4.1057/avr32-gnu-toolchain/bin/../lib/gcc/avr32/4.4.7/../../../../avr32/lib/ucr1\libc.a(lib_a-vfprintf.o)
 .rodata.action_table
                0x8000f41c       0x6c y:/programe/atmel toolchain/avr32 gcc/native/3.4.1057/avr32-gnu-toolchain/bin/../lib/gcc/avr32/4.4.7/../../../../avr32/lib/ucr1\libc.a(lib_a-vfprintf.o)
 .rodata.str1.4
                0x8000f488       0x3a y:/programe/atmel toolchain/avr32 gcc/native/3.4.1057/avr32-gnu-toolchain/bin/../lib/gcc/avr32/4.4.7/../../../../avr32/lib/ucr1\libc.a(lib_a-vfprintf.o)
                                 0x3c (size before relaxing)
 *fill*         0x8000f4c2        0x2 
 .rodata.blanks.3430
                0x8000f4c4       0x10 y:/programe/atmel toolchain/avr32 gcc/native/3.4.1057/avr32-gnu-toolchain/bin/../lib/gcc/avr32/4.4.7/../../../../avr32/lib/ucr1\libc.a(lib_a-vfprintf.o)
 .rodata.zeroes.3431
                0x8000f4d4       0x10 y:/programe/atmel toolchain/avr32 gcc/native/3.4.1057/avr32-gnu-toolchain/bin/../lib/gcc/avr32/4.4.7/../../../../avr32/lib/ucr1\libc.a(lib_a-vfprintf.o)
 .rodata.chclass
                0x8000f4e4      0x100 y:/programe/atmel toolchain/avr32 gcc/native/3.4.1057/avr32-gnu-toolchain/bin/../lib/gcc/avr32/4.4.7/../../../../avr32/lib/ucr1\libc.a(lib_a-vfprintf.o)
 .rodata.str1.4
                0x8000f5e4       0x10 y:/programe/atmel toolchain/avr32 gcc/native/3.4.1057/avr32-gnu-toolchain/bin/../lib/gcc/avr32/4.4.7/../../../../avr32/lib/ucr1\libc.a(lib_a-dtoa.o)
                                 0x14 (size before relaxing)
 .rodata.__sf_fake_stdin
                0x8000f5f4       0x20 y:/programe/atmel toolchain/avr32 gcc/native/3.4.1057/avr32-gnu-toolchain/bin/../lib/gcc/avr32/4.4.7/../../../../avr32/lib/ucr1\libc.a(lib_a-findfp.o)
                0x8000f5f4                __sf_fake_stdin
 .rodata.__sf_fake_stdout
                0x8000f614       0x20 y:/programe/atmel toolchain/avr32 gcc/native/3.4.1057/avr32-gnu-toolchain/bin/../lib/gcc/avr32/4.4.7/../../../../avr32/lib/ucr1\libc.a(lib_a-findfp.o)
                0x8000f614                __sf_fake_stdout
 .rodata.__sf_fake_stderr
                0x8000f634       0x20 y:/programe/atmel toolchain/avr32 gcc/native/3.4.1057/avr32-gnu-toolchain/bin/../lib/gcc/avr32/4.4.7/../../../../avr32/lib/ucr1\libc.a(lib_a-findfp.o)
                0x8000f634                __sf_fake_stderr
 .rodata.lconv  0x8000f654       0x30 y:/programe/atmel toolchain/avr32 gcc/native/3.4.1057/avr32-gnu-toolchain/bin/../lib/gcc/avr32/4.4.7/../../../../avr32/lib/ucr1\libc.a(lib_a-locale.o)
 .rodata.str1.4
                0x8000f684        0xc y:/programe/atmel toolchain/avr32 gcc/native/3.4.1057/avr32-gnu-toolchain/bin/../lib/gcc/avr32/4.4.7/../../../../avr32/lib/ucr1\libc.a(lib_a-locale.o)
                                 0x18 (size before relaxing)
 .rodata.p05.2471
                0x8000f690        0xc y:/programe/atmel toolchain/avr32 gcc/native/3.4.1057/avr32-gnu-toolchain/bin/../lib/gcc/avr32/4.4.7/../../../../avr32/lib/ucr1\libc.a(lib_a-mprec.o)
 .rodata.__mprec_tens
                0x8000f69c       0xc8 y:/programe/atmel toolchain/avr32 gcc/native/3.4.1057/avr32-gnu-toolchain/bin/../lib/gcc/avr32/4.4.7/../../../../avr32/lib/ucr1\libc.a(lib_a-mprec.o)
                0x8000f69c                __mprec_tens
 .rodata.__mprec_bigtens
                0x8000f764       0x28 y:/programe/atmel toolchain/avr32 gcc/native/3.4.1057/avr32-gnu-toolchain/bin/../lib/gcc/avr32/4.4.7/../../../../avr32/lib/ucr1\libc.a(lib_a-mprec.o)
                0x8000f764                __mprec_bigtens

.rodata1
 *(.rodata1)

.eh_frame_hdr
 *(.eh_frame_hdr)

.eh_frame
 *(.eh_frame)

.gcc_except_table
 *(.gcc_except_table)
 *(.gcc_except_table.*)

.dalign         0x8000f78c        0x4
                0x8000f790                . = ALIGN (0x8)
 *fill*         0x8000f78c        0x4 
                0x8000f790                PROVIDE (_data_lma, .)
                0x00000004                PROVIDE (_data, ORIGIN (CPUSRAM))
                0x00000004                . = ORIGIN (CPUSRAM)

.eh_frame
 *(.eh_frame)

.gcc_except_table
                0x00000004       0xb8 load address 0x8000f790
 *(.gcc_except_table)
 *(.gcc_except_table.*)
 .gcc_except_table._ZN6SegwayC1Ev
                0x00000004       0x1a Segway/Segway.o
 .gcc_except_table._ZN6SegwayD1Ev
                0x0000001e       0x1a main.o
 .gcc_except_table.main
                0x00000038        0x6 main.o
 *fill*         0x0000003e        0x2 
 .gcc_except_table._Znwm
                0x00000040       0x14 y:/programe/atmel toolchain/avr32 gcc/native/3.4.1057/avr32-gnu-toolchain/bin/../lib/gcc/avr32/4.4.7/ucr1\libstdc++.a(new_op.o)
 .gcc_except_table.__cxa_allocate_exception
                0x00000054       0x10 y:/programe/atmel toolchain/avr32 gcc/native/3.4.1057/avr32-gnu-toolchain/bin/../lib/gcc/avr32/4.4.7/ucr1\libstdc++.a(eh_alloc.o)
 .gcc_except_table.__cxa_call_unexpected
                0x00000064       0x10 y:/programe/atmel toolchain/avr32 gcc/native/3.4.1057/avr32-gnu-toolchain/bin/../lib/gcc/avr32/4.4.7/ucr1\libstdc++.a(eh_personality.o)
 .gcc_except_table.__gxx_personality_sj0
                0x00000074       0x10 y:/programe/atmel toolchain/avr32 gcc/native/3.4.1057/avr32-gnu-toolchain/bin/../lib/gcc/avr32/4.4.7/ucr1\libstdc++.a(eh_personality.o)
 .gcc_except_table._ZN10__cxxabiv111__terminateEPFvvE
                0x00000084       0x10 y:/programe/atmel toolchain/avr32 gcc/native/3.4.1057/avr32-gnu-toolchain/bin/../lib/gcc/avr32/4.4.7/ucr1\libstdc++.a(eh_terminate.o)
 .gcc_except_table.__cxa_begin_catch
                0x00000094       0x10 y:/programe/atmel toolchain/avr32 gcc/native/3.4.1057/avr32-gnu-toolchain/bin/../lib/gcc/avr32/4.4.7/ucr1\libstdc++.a(eh_catch.o)
 .gcc_except_table._ZN9__gnu_cxx27__verbose_terminate_handlerEv
                0x000000a4       0x18 y:/programe/atmel toolchain/avr32 gcc/native/3.4.1057/avr32-gnu-toolchain/bin/../lib/gcc/avr32/4.4.7/ucr1\libstdc++.a(vterminate.o)

.tdata
 *(.tdata .tdata.* .gnu.linkonce.td.*)

.tbss
 *(.tbss .tbss.* .gnu.linkonce.tb.*)
 *(.tcommon)
                0x000000bc                PROVIDE (__preinit_array_start, ALIGN (0x4))

.preinit_array
 *(.preinit_array)
                0x000000bc                PROVIDE (__preinit_array_end, .)
                0x000000bc                PROVIDE (__init_array_start, .)

.init_array
 *(.init_array)
                0x000000bc                PROVIDE (__init_array_end, .)
                0x000000bc                PROVIDE (__fini_array_start, .)

.fini_array
 *(.fini_array)
                0x000000bc                PROVIDE (__fini_array_end, .)

.ctors          0x000000bc        0x4 load address 0x8000f848
 *crtbegin*.o(.ctors)
 *(EXCLUDE_FILE(*crtend*.o) .ctors)
 .ctors         0x000000bc        0x4 y:/programe/atmel toolchain/avr32 gcc/native/3.4.1057/avr32-gnu-toolchain/bin/../lib/gcc/avr32/4.4.7/ucr1\libstdc++.a(eh_alloc.o)
 *(SORT(.ctors.*))
 *(.ctors)

.dtors
 *crtbegin*.o(.dtors)
 *(EXCLUDE_FILE(*crtend*.o) .dtors)
 *(SORT(.dtors.*))
 *(.dtors)

.jcr
 *(.jcr)

.data.rel.ro
 *(.data.rel.ro.local)
 *(.data.rel.ro*)

.dynamic
 *(.dynamic)

.got
 *(.got.plt)
 *(.got)

.data           0x000000c0      0x530 load address 0x8000f84c
 *(.data .data.* .gnu.linkonce.d.*)
 .data          0x000000c0        0x8 Segway/Segway.o
                0x000000c0                Segway::MYAVR32_GPIO_ADDRESS
                0x000000c4                Segway::BLUETOOTH_NAME
 .data          0x000000c8        0x4 Antrieb/Motor.o
                0x000000c8                Motor::GPIO_CONTROLLER
 .data          0x000000cc        0x8 main.o
                0x000000cc                MYAVR32_PM_ADDRESS
                0x000000d0                MYAVR32_INTC_ADDRESS
 .data          0x000000d4        0x4 Antrieb/PWM.o
                0x000000d4                PWM::PWM_MR
 .data          0x000000d8        0x4 Sensor/GPIOSensor.o
                0x000000d8                GPIOSensor::GPIO_CONTROLLER
 .data          0x000000dc        0x4 Timer/Timer.o
                0x000000dc                Timer::TC_CONTROLLER
 .data          0x000000e0        0x4 UART/UART.o
                0x000000e0                UART::MYAVR32_GPIO_ADDRESS
 .data._ZN10__cxxabiv120__unexpected_handlerE
                0x000000e4        0x4 y:/programe/atmel toolchain/avr32 gcc/native/3.4.1057/avr32-gnu-toolchain/bin/../lib/gcc/avr32/4.4.7/ucr1\libstdc++.a(eh_unex_handler.o)
                0x000000e4                __cxxabiv1::__unexpected_handler
 .data._ZN10__cxxabiv119__terminate_handlerE
                0x000000e8        0x4 y:/programe/atmel toolchain/avr32 gcc/native/3.4.1057/avr32-gnu-toolchain/bin/../lib/gcc/avr32/4.4.7/ucr1\libstdc++.a(eh_term_handler.o)
                0x000000e8                __cxxabiv1::__terminate_handler
 .data.impure_data
                0x000000ec       0xf0 y:/programe/atmel toolchain/avr32 gcc/native/3.4.1057/avr32-gnu-toolchain/bin/../lib/gcc/avr32/4.4.7/../../../../avr32/lib/ucr1\libc.a(lib_a-impure.o)
 .data._impure_ptr
                0x000001dc        0x4 y:/programe/atmel toolchain/avr32 gcc/native/3.4.1057/avr32-gnu-toolchain/bin/../lib/gcc/avr32/4.4.7/../../../../avr32/lib/ucr1\libc.a(lib_a-impure.o)
                0x000001dc                _impure_ptr
 .data.__malloc_av_
                0x000001e0      0x408 y:/programe/atmel toolchain/avr32 gcc/native/3.4.1057/avr32-gnu-toolchain/bin/../lib/gcc/avr32/4.4.7/../../../../avr32/lib/ucr1\libc.a(lib_a-mallocr.o)
                0x000001e0                __malloc_av_
 .data.__malloc_trim_threshold
                0x000005e8        0x4 y:/programe/atmel toolchain/avr32 gcc/native/3.4.1057/avr32-gnu-toolchain/bin/../lib/gcc/avr32/4.4.7/../../../../avr32/lib/ucr1\libc.a(lib_a-mallocr.o)
                0x000005e8                __malloc_trim_threshold
 .data.__malloc_sbrk_base
                0x000005ec        0x4 y:/programe/atmel toolchain/avr32 gcc/native/3.4.1057/avr32-gnu-toolchain/bin/../lib/gcc/avr32/4.4.7/../../../../avr32/lib/ucr1\libc.a(lib_a-mallocr.o)
                0x000005ec                __malloc_sbrk_base
 *(.gnu.linkonce.d.*personality*)

.data1
 *(.data1)

.balign         0x000005f0        0x0 load address 0x8000fd7c
                0x000005f0                . = ALIGN (0x8)
                0x000005f0                _edata = .
                0x000005f0                _edata = .
                0x000005f0                PROVIDE (edata, .)
                0x000005f0                __bss_start = .

.bss            0x000005f0      0x9b0 load address 0x8000fd7c
 *(.dynbss)
 *(.bss .bss.* .gnu.linkonce.b.*)
 .bss           0x000005f0        0x4 Segway/Segway.o
 .bss           0x000005f4      0x150 Configuration/Configuration.o
                0x000005f4                Configuration::Timer_Channel
                0x000005f5                Configuration::Timer_Clock_Connection
                0x000005f8                Configuration::leftPWMConfig
                0x00000604                Configuration::rightPWMConfig
                0x00000610                Configuration::Motor_enabledPinEnabledValue
                0x00000611                Configuration::Motor_enabledPinPort
                0x00000614                Configuration::Motor_enabledPinPin
                0x00000618                Configuration::rightMotorConfig
                0x00000628                Configuration::leftMotorConfig
                0x00000638                Configuration::footSwitchConfig
                0x00000644                Configuration::ADC_Internal_Clock
                0x00000648                Configuration::ADC_gpioMultiplexData
                0x000006a8                Configuration::orientationAccelerometerConfig
                0x000006b8                Configuration::orientationGyrometerConfig
                0x000006c8                Configuration::orientationGyrometerReferenceConfig
                0x000006d8                Configuration::steeringPotentiometerConfig
                0x000006e8                Configuration::batteryVoltageSensorConfig
                0x000006f8                Configuration::bluetoothUARTConfig
                0x0000070c                Configuration::rs232UARTConfig
                0x00000720                Configuration::Oscillator_Freq
                0x00000724                Configuration::CPUCLK
                0x00000728                Configuration::PBACLK
                0x0000072c                Configuration::PWMCLK
                0x00000730                Configuration::ADCCLK
                0x00000734                Configuration::redStatusLEDConfig
                0x0000073c                Configuration::greenStatusLEDConfig
 .bss           0x00000744        0x4 main.o
                0x00000744                mySegway
 .bss           0x00000748        0x4 Timer/Timer.o
                0x00000748                Timer::TimerChannel
 .bss.__new_handler
                0x0000074c        0x4 y:/programe/atmel toolchain/avr32 gcc/native/3.4.1057/avr32-gnu-toolchain/bin/../lib/gcc/avr32/4.4.7/ucr1\libstdc++.a(new_handler.o)
                0x0000074c                __new_handler
 .bss._ZL14emergency_used
                0x00000750        0x4 y:/programe/atmel toolchain/avr32 gcc/native/3.4.1057/avr32-gnu-toolchain/bin/../lib/gcc/avr32/4.4.7/ucr1\libstdc++.a(eh_alloc.o)
 .bss._ZL16emergency_buffer
                0x00000754      0x800 y:/programe/atmel toolchain/avr32 gcc/native/3.4.1057/avr32-gnu-toolchain/bin/../lib/gcc/avr32/4.4.7/ucr1\libstdc++.a(eh_alloc.o)
 .bss._ZL10eh_globals
                0x00000f54        0x8 y:/programe/atmel toolchain/avr32 gcc/native/3.4.1057/avr32-gnu-toolchain/bin/../lib/gcc/avr32/4.4.7/ucr1\libstdc++.a(eh_globals.o)
 .bss._ZZN9__gnu_cxx27__verbose_terminate_handlerEvE11terminating
                0x00000f5c        0x1 y:/programe/atmel toolchain/avr32 gcc/native/3.4.1057/avr32-gnu-toolchain/bin/../lib/gcc/avr32/4.4.7/ucr1\libstdc++.a(vterminate.o)
 *fill*         0x00000f5d        0x3 
 .bss           0x00000f60        0x4 y:/programe/atmel toolchain/avr32 gcc/native/3.4.1057/avr32-gnu-toolchain/bin/../lib/gcc/avr32/4.4.7/ucr1\libgcc.a(unwind-sjlj.o)
 .bss.__malloc_max_total_mem
                0x00000f64        0x4 y:/programe/atmel toolchain/avr32 gcc/native/3.4.1057/avr32-gnu-toolchain/bin/../lib/gcc/avr32/4.4.7/../../../../avr32/lib/ucr1\libc.a(lib_a-mallocr.o)
                0x00000f64                __malloc_max_total_mem
 .bss.__malloc_max_sbrked_mem
                0x00000f68        0x4 y:/programe/atmel toolchain/avr32 gcc/native/3.4.1057/avr32-gnu-toolchain/bin/../lib/gcc/avr32/4.4.7/../../../../avr32/lib/ucr1\libc.a(lib_a-mallocr.o)
                0x00000f68                __malloc_max_sbrked_mem
 .bss.__malloc_top_pad
                0x00000f6c        0x4 y:/programe/atmel toolchain/avr32 gcc/native/3.4.1057/avr32-gnu-toolchain/bin/../lib/gcc/avr32/4.4.7/../../../../avr32/lib/ucr1\libc.a(lib_a-mallocr.o)
                0x00000f6c                __malloc_top_pad
 .bss.__malloc_current_mallinfo
                0x00000f70       0x28 y:/programe/atmel toolchain/avr32 gcc/native/3.4.1057/avr32-gnu-toolchain/bin/../lib/gcc/avr32/4.4.7/../../../../avr32/lib/ucr1\libc.a(lib_a-mallocr.o)
                0x00000f70                __malloc_current_mallinfo
 .bss.cur_heap_pos.1869